embotelladora.c:64:6:embotelladora_init	24	static
embotelladora.c:85:6:embotelladora_enter	16	static
embotelladora.c:103:6:embotelladora_exit	16	static
embotelladora.c:117:12:embotelladora_is_active	24	static
embotelladora.c:133:12:embotelladora_is_final	16	static
embotelladora.c:139:12:embotelladora_is_state_active	24	static
embotelladora.c:167:13:clear_in_events	16	static
embotelladora.c:174:13:micro_step	16	static
embotelladora.c:202:13:run_cycle	16	static
embotelladora.c:225:6:embotelladora_raise_sensorG_ON	16	static
embotelladora.c:231:6:embotelladora_raise_sensorG_OFF	16	static
embotelladora.c:237:6:embotelladora_raise_sensorC_ON	16	static
embotelladora.c:245:12:embotelladora_get_t_valvula	16	static
embotelladora.c:249:12:embotelladora_get_m_cinta	16	static
embotelladora.c:257:13:enseq_main_region_Inicio_default	16	static
embotelladora.c:265:13:enseq_main_region_Movimiento_default	16	static
embotelladora.c:273:13:enseq_main_region_Llenando_default	16	static
embotelladora.c:281:13:enseq_main_region_Retirar_Botella_default	16	static
embotelladora.c:289:13:enseq_main_region_default	16	static
embotelladora.c:296:13:exseq_main_region_Inicio	16	static
embotelladora.c:303:13:exseq_main_region_Movimiento	16	static
embotelladora.c:310:13:exseq_main_region_Llenando	16	static
embotelladora.c:317:13:exseq_main_region_Retirar_Botella	16	static
embotelladora.c:324:13:exseq_main_region	16	static
embotelladora.c:355:13:react_main_region__entry_Default	16	static
embotelladora.c:362:19:react	16	static
embotelladora.c:369:19:main_region_Inicio_react	24	static
embotelladora.c:400:19:main_region_Movimiento_react	24	static
embotelladora.c:422:19:main_region_Llenando_react	24	static
embotelladora.c:444:19:main_region_Retirar_Botella_react	24	static
embotelladora.c:469:13:embotelladora_eventqueue_init	24	static
embotelladora.c:478:19:embotelladora_eventqueue_size	16	static
embotelladora.c:483:28:embotelladora_eventqueue_pop	24	static
embotelladora.c:502:19:embotelladora_eventqueue_push	16	static
embotelladora.c:521:13:embotelladora_event_init	16	static
embotelladora.c:526:13:embotelladora_add_event_to_queue	32	static
embotelladora.c:533:13:embotelladora_dispatch_event	16	static
embotelladora.c:555:28:embotelladora_get_next_event	32	static
embotelladora.c:565:13:embotelladora_dispatch_next_event	24	static
