Archive member included to satisfy reference by file (symbol)

/Applications/MCUXpressoIDE_11.3.0_5222/ide/plugins/com.nxp.mcuxpresso.tools.macosx_11.3.0.202011031536/tools/bin/../lib/gcc/arm-none-eabi/9.3.1/../../../../arm-none-eabi/lib/thumb/v6-m/nofp/libcr_semihost_nf.a(_cr__main.o)
                              ./startup/startup_mkl43z4.o (__main)
/Applications/MCUXpressoIDE_11.3.0_5222/ide/plugins/com.nxp.mcuxpresso.tools.macosx_11.3.0.202011031536/tools/bin/../lib/gcc/arm-none-eabi/9.3.1/../../../../arm-none-eabi/lib/thumb/v6-m/nofp/libcr_semihost_nf.a(_cr_assert.o)
                              ./utilities/fsl_debug_console.o (__assertion_failed)
/Applications/MCUXpressoIDE_11.3.0_5222/ide/plugins/com.nxp.mcuxpresso.tools.macosx_11.3.0.202011031536/tools/bin/../lib/gcc/arm-none-eabi/9.3.1/../../../../arm-none-eabi/lib/thumb/v6-m/nofp/libcr_semihost_nf.a(__ciob.o)
                              /Applications/MCUXpressoIDE_11.3.0_5222/ide/plugins/com.nxp.mcuxpresso.tools.macosx_11.3.0.202011031536/tools/bin/../lib/gcc/arm-none-eabi/9.3.1/../../../../arm-none-eabi/lib/thumb/v6-m/nofp/libcr_semihost_nf.a(_cr_assert.o) (__Ciob)
/Applications/MCUXpressoIDE_11.3.0_5222/ide/plugins/com.nxp.mcuxpresso.tools.macosx_11.3.0.202011031536/tools/bin/../lib/gcc/arm-none-eabi/9.3.1/../../../../arm-none-eabi/lib/thumb/v6-m/nofp/libcr_semihost_nf.a(__sys_appexit.o)
                              /Applications/MCUXpressoIDE_11.3.0_5222/ide/plugins/com.nxp.mcuxpresso.tools.macosx_11.3.0.202011031536/tools/bin/../lib/gcc/arm-none-eabi/9.3.1/../../../../arm-none-eabi/lib/thumb/v6-m/nofp/libcr_semihost_nf.a(_cr_assert.o) (__sys_appexit)
/Applications/MCUXpressoIDE_11.3.0_5222/ide/plugins/com.nxp.mcuxpresso.tools.macosx_11.3.0.202011031536/tools/bin/../lib/gcc/arm-none-eabi/9.3.1/../../../../arm-none-eabi/lib/thumb/v6-m/nofp/libcr_c.a(memcpy.o)
                              ./utilities/fsl_str.o (memcpy)
/Applications/MCUXpressoIDE_11.3.0_5222/ide/plugins/com.nxp.mcuxpresso.tools.macosx_11.3.0.202011031536/tools/bin/../lib/gcc/arm-none-eabi/9.3.1/../../../../arm-none-eabi/lib/thumb/v6-m/nofp/libcr_c.a(memset.o)
                              ./drivers/fsl_lpuart.o (memset)
/Applications/MCUXpressoIDE_11.3.0_5222/ide/plugins/com.nxp.mcuxpresso.tools.macosx_11.3.0.202011031536/tools/bin/../lib/gcc/arm-none-eabi/9.3.1/../../../../arm-none-eabi/lib/thumb/v6-m/nofp/libcr_c.a(_deferredlazyseek.o)
                              /Applications/MCUXpressoIDE_11.3.0_5222/ide/plugins/com.nxp.mcuxpresso.tools.macosx_11.3.0.202011031536/tools/bin/../lib/gcc/arm-none-eabi/9.3.1/../../../../arm-none-eabi/lib/thumb/v6-m/nofp/libcr_semihost_nf.a(_cr_assert.o) (__flsbuf)
/Applications/MCUXpressoIDE_11.3.0_5222/ide/plugins/com.nxp.mcuxpresso.tools.macosx_11.3.0.202011031536/tools/bin/../lib/gcc/arm-none-eabi/9.3.1/../../../../arm-none-eabi/lib/thumb/v6-m/nofp/libcr_c.a(_fflush.o)
                              /Applications/MCUXpressoIDE_11.3.0_5222/ide/plugins/com.nxp.mcuxpresso.tools.macosx_11.3.0.202011031536/tools/bin/../lib/gcc/arm-none-eabi/9.3.1/../../../../arm-none-eabi/lib/thumb/v6-m/nofp/libcr_c.a(_deferredlazyseek.o) (_fflush)
/Applications/MCUXpressoIDE_11.3.0_5222/ide/plugins/com.nxp.mcuxpresso.tools.macosx_11.3.0.202011031536/tools/bin/../lib/gcc/arm-none-eabi/9.3.1/../../../../arm-none-eabi/lib/thumb/v6-m/nofp/libcr_c.a(_writebuf.o)
                              /Applications/MCUXpressoIDE_11.3.0_5222/ide/plugins/com.nxp.mcuxpresso.tools.macosx_11.3.0.202011031536/tools/bin/../lib/gcc/arm-none-eabi/9.3.1/../../../../arm-none-eabi/lib/thumb/v6-m/nofp/libcr_c.a(_deferredlazyseek.o) (_Cwritebuf)
/Applications/MCUXpressoIDE_11.3.0_5222/ide/plugins/com.nxp.mcuxpresso.tools.macosx_11.3.0.202011031536/tools/bin/../lib/gcc/arm-none-eabi/9.3.1/../../../../arm-none-eabi/lib/thumb/v6-m/nofp/libcr_c.a(alloc.o)
                              ./drivers/fsl_common.o (malloc)
/Applications/MCUXpressoIDE_11.3.0_5222/ide/plugins/com.nxp.mcuxpresso.tools.macosx_11.3.0.202011031536/tools/bin/../lib/gcc/arm-none-eabi/9.3.1/../../../../arm-none-eabi/lib/thumb/v6-m/nofp/libcr_c.a(fputs.o)
                              /Applications/MCUXpressoIDE_11.3.0_5222/ide/plugins/com.nxp.mcuxpresso.tools.macosx_11.3.0.202011031536/tools/bin/../lib/gcc/arm-none-eabi/9.3.1/../../../../arm-none-eabi/lib/thumb/v6-m/nofp/libcr_semihost_nf.a(_cr_assert.o) (fputs)
/Applications/MCUXpressoIDE_11.3.0_5222/ide/plugins/com.nxp.mcuxpresso.tools.macosx_11.3.0.202011031536/tools/bin/../lib/gcc/arm-none-eabi/9.3.1/../../../../arm-none-eabi/lib/thumb/v6-m/nofp/libcr_c.a(fseek.o)
                              /Applications/MCUXpressoIDE_11.3.0_5222/ide/plugins/com.nxp.mcuxpresso.tools.macosx_11.3.0.202011031536/tools/bin/../lib/gcc/arm-none-eabi/9.3.1/../../../../arm-none-eabi/lib/thumb/v6-m/nofp/libcr_c.a(_deferredlazyseek.o) (fseek)
[...]
Memory Configuration

Name             Origin             Length             Attributes
PROGRAM_FLASH    0x0000000000000000 0x0000000000040000 xr
SRAM             0x000000001fffe000 0x0000000000008000 xrw
*default*        0x0000000000000000 0xffffffffffffffff

Linker script and memory map

LOAD ./utilities/fsl_debug_console.o
LOAD ./utilities/fsl_str.o
LOAD ./startup/startup_mkl43z4.o
LOAD ./source/embotelladora.o
LOAD ./source/inicializacion.o
LOAD ./source/main.o
LOAD ./source/mtb.o
LOAD ./source/semihost_hardfault.o
LOAD ./drivers/fsl_clock.o
LOAD ./drivers/fsl_common.o
LOAD ./drivers/fsl_gpio.o
LOAD ./drivers/fsl_lpuart.o
LOAD ./drivers/fsl_smc.o
LOAD ./device/system_MKL43Z4.o
LOAD ./component/uart/lpuart_adapter.o
LOAD ./component/serial_manager/serial_manager.o
LOAD ./component/serial_manager/serial_port_uart.o
LOAD ./component/lists/generic_list.o
LOAD ./board/board.o
LOAD ./board/clock_config.o
LOAD ./board/peripherals.o
LOAD ./board/pin_mux.o
START GROUP
LOAD /Applications/MCUXpressoIDE_11.3.0_5222/ide/plugins/com.nxp.mcuxpresso.tools.macosx_11.3.0.202011031536/tools/bin/../lib/gcc/arm-none-eabi/9.3.1/../../../../arm-none-eabi/lib/thumb/v6-m/nofp/libcr_semihost_nf.a
LOAD /Applications/MCUXpressoIDE_11.3.0_5222/ide/plugins/com.nxp.mcuxpresso.tools.macosx_11.3.0.202011031536/tools/bin/../lib/gcc/arm-none-eabi/9.3.1/../../../../arm-none-eabi/lib/thumb/v6-m/nofp/libcr_c.a
LOAD /Applications/MCUXpressoIDE_11.3.0_5222/ide/plugins/com.nxp.mcuxpresso.tools.macosx_11.3.0.202011031536/tools/bin/../lib/gcc/arm-none-eabi/9.3.1/thumb/v6-m/nofp/libcr_eabihelpers.a
LOAD /Applications/MCUXpressoIDE_11.3.0_5222/ide/plugins/com.nxp.mcuxpresso.tools.macosx_11.3.0.202011031536/tools/bin/../lib/gcc/arm-none-eabi/9.3.1/thumb/v6-m/nofp/libgcc.a
END GROUP
                0x0000000000000000                __base_PROGRAM_FLASH = 0x0
                0x0000000000000000                __base_Flash = 0x0
                0x0000000000040000                __top_PROGRAM_FLASH = 0x40000
                0x0000000000040000                __top_Flash = 0x40000
                0x000000001fffe000                __base_SRAM = 0x1fffe000
                0x000000001fffe000                __base_RAM = 0x1fffe000
                0x0000000020006000                __top_SRAM = 0x20006000
                0x0000000020006000                __top_RAM = 0x20006000

.text           0x0000000000000000     0x21e8
 FILL mask 0xff
                0x0000000000000000                __vectors_start__ = ABSOLUTE (.)
 *(SORT_BY_ALIGNMENT(.isr_vector))
 .isr_vector    0x0000000000000000       0xc0 ./startup/startup_mkl43z4.o
                0x0000000000000000                __Vectors
                0x0000000000000000                g_pfnVectors
                0x00000000000000c0                . = ALIGN (0x4)
                0x00000000000000c0                __section_table_start = .
                0x00000000000000c0                __data_section_table = .
                0x00000000000000c0        0x4 LONG 0x21e8 LOADADDR (.data)
                0x00000000000000c4        0x4 LONG 0x1fffe080 ADDR (.data)
                0x00000000000000c8        0x4 LONG 0x4 SIZEOF (.data)
                0x00000000000000cc                __data_section_table_end = .
                0x00000000000000cc                __bss_section_table = .
                0x00000000000000cc        0x4 LONG 0x1fffe084 ADDR (.bss)
                0x00000000000000d0        0x4 LONG 0xd4 SIZEOF (.bss)
                0x00000000000000d4                __bss_section_table_end = .
                0x00000000000000d4                __section_table_end = .
 *(SORT_BY_ALIGNMENT(.after_vectors*))
 .after_vectors.reset
                0x00000000000000d4       0x4c ./startup/startup_mkl43z4.o
                0x00000000000000d4                ResetISR
 .after_vectors.init_data
                0x0000000000000120       0x12 ./startup/startup_mkl43z4.o
                0x0000000000000120                data_init
 .after_vectors.init_bss
                0x0000000000000132       0x10 ./startup/startup_mkl43z4.o
                0x0000000000000132                bss_init
 .after_vectors
                0x0000000000000142      0x10c ./startup/startup_mkl43z4.o
                0x0000000000000142                NMI_Handler
                0x0000000000000146                SVC_Handler
                0x0000000000000148                PendSV_Handler
                0x000000000000014a                SysTick_Handler
                0x000000000000014c                SPI1_DriverIRQHandler
                0x000000000000014c                LPTMR0_DriverIRQHandler
                0x000000000000014c                PORTC_PORTD_DriverIRQHandler
                0x000000000000014c                PMC_DriverIRQHandler
                0x000000000000014c                PIT_DriverIRQHandler
                0x000000000000014c                DMA0_DriverIRQHandler
                0x000000000000014c                Reserved42_DriverIRQHandler
                0x000000000000014c                I2S0_DriverIRQHandler
                0x000000000000014c                TPM2_DriverIRQHandler
                0x000000000000014c                RTC_Seconds_DriverIRQHandler
                0x000000000000014c                LLWU_DriverIRQHandler
                0x000000000000014c                FTFA_DriverIRQHandler
                0x000000000000014c                IntDefaultHandler
                0x000000000000014c                USB0_DriverIRQHandler
                0x000000000000014c                DAC0_DriverIRQHandler
                0x000000000000014c                TPM0_DriverIRQHandler
                0x000000000000014c                Reserved20_DriverIRQHandler
                0x000000000000014c                DMA3_DriverIRQHandler
                0x000000000000014c                UART2_FLEXIO_DriverIRQHandler
                0x000000000000014c                PORTA_DriverIRQHandler
                0x000000000000014c                TPM1_DriverIRQHandler
                0x000000000000014c                RTC_DriverIRQHandler
                0x000000000000014c                LCD_DriverIRQHandler
                0x000000000000014c                DMA1_DriverIRQHandler
                0x000000000000014c                I2C1_DriverIRQHandler
                0x000000000000014c                SPI0_DriverIRQHandler
                0x000000000000014c                ADC0_DriverIRQHandler
                0x000000000000014c                CMP0_DriverIRQHandler
                0x000000000000014c                DMA2_DriverIRQHandler
                0x000000000000014c                Reserved43_DriverIRQHandler
                0x000000000000014c                I2C0_DriverIRQHandler
                0x000000000000014e                DMA0_IRQHandler
                0x0000000000000156                DMA1_IRQHandler
                0x000000000000015e                DMA2_IRQHandler
                0x0000000000000166                DMA3_IRQHandler
                0x000000000000016e                Reserved20_IRQHandler
                0x0000000000000176                FTFA_IRQHandler
                0x000000000000017e                PMC_IRQHandler
                0x0000000000000186                LLWU_IRQHandler
                0x000000000000018e                I2C0_IRQHandler
                0x0000000000000196                I2C1_IRQHandler
                0x000000000000019e                SPI0_IRQHandler
                0x00000000000001a6                SPI1_IRQHandler
                0x00000000000001ae                LPUART0_IRQHandler
                0x00000000000001b6                LPUART1_IRQHandler
                0x00000000000001be                UART2_FLEXIO_IRQHandler
                0x00000000000001c6                ADC0_IRQHandler
                0x00000000000001ce                CMP0_IRQHandler
                0x00000000000001d6                TPM0_IRQHandler
                0x00000000000001de                TPM1_IRQHandler
                0x00000000000001e6                TPM2_IRQHandler
                0x00000000000001ee                RTC_IRQHandler
                0x00000000000001f6                RTC_Seconds_IRQHandler
                0x00000000000001fe                PIT_IRQHandler
                0x0000000000000206                I2S0_IRQHandler
                0x000000000000020e                USB0_IRQHandler
                0x0000000000000216                DAC0_IRQHandler
                0x000000000000021e                Reserved42_IRQHandler
                0x0000000000000226                Reserved43_IRQHandler
                0x000000000000022e                LPTMR0_IRQHandler
                0x0000000000000236                LCD_IRQHandler
                0x000000000000023e                PORTA_IRQHandler
                0x0000000000000246                PORTC_PORTD_IRQHandler
                0x0000000000000400                . = 0x400
 *fill*         0x000000000000024e      0x1b2 ff
                0x0000000000000400                PROVIDE (__FLASH_CONFIG_START__ = .)
 *(SORT_BY_ALIGNMENT(.FlashConfig))
 .FlashConfig   0x0000000000000400       0x10 ./startup/startup_mkl43z4.o
                0x0000000000000400                Flash_Config
                0x0000000000000410                PROVIDE (__FLASH_CONFIG_END__ = .)
                0x0000000000000001                ASSERT (! ((__FLASH_CONFIG_START__ == __FLASH_CONFIG_END__)), Linker Flash Config Support Enabled, but no .FlashConfig section provided within application)
 *(SORT_BY_ALIGNMENT(.text*))
 .text.main     0x0000000000000410       0xb0 ./source/main.o
                0x0000000000000410                main
 .text.HardFault_Handler
                0x00000000000004c0       0x30 ./source/semihost_hardfault.o
                0x00000000000004c0                HardFault_Handler
 .text.CLOCK_EnableClock
                0x00000000000004f0       0x34 ./drivers/fsl_clock.o
 .text.CLOCK_DisableClock
                0x0000000000000524       0x38 ./drivers/fsl_clock.o
 .text.CLOCK_SetEr32kClock
                0x000000000000055c       0x34 ./drivers/fsl_clock.o
 .text.CLOCK_GetLircClkFreq
                0x0000000000000590       0x50 ./drivers/fsl_clock.o
 .text.CLOCK_GetOscRangeFromFreq
                0x00000000000005e0       0x4c ./drivers/fsl_clock.o
 .text.CLOCK_GetOsc0ErClkFreq
                0x000000000000062c       0x44 ./drivers/fsl_clock.o
                0x000000000000062c                CLOCK_GetOsc0ErClkFreq
 .text.CLOCK_GetEr32kClkFreq
                0x0000000000000670       0x78 ./drivers/fsl_clock.o
                0x0000000000000670                CLOCK_GetEr32kClkFreq
 .text.CLOCK_GetFreq
                0x00000000000006e8       0xc0 ./drivers/fsl_clock.o
                0x00000000000006e8                CLOCK_GetFreq
 .text.CLOCK_SetSimConfig
                0x00000000000007a8       0x2c ./drivers/fsl_clock.o
                0x00000000000007a8                CLOCK_SetSimConfig
 .text.CLOCK_EnableUsbfs0Clock
                0x00000000000007d4       0x9c ./drivers/fsl_clock.o
                0x00000000000007d4                CLOCK_EnableUsbfs0Clock
 .text.CLOCK_GetInternalRefClkFreq
                0x0000000000000870       0x48 ./drivers/fsl_clock.o
                0x0000000000000870                CLOCK_GetInternalRefClkFreq
 .text.CLOCK_GetPeriphClkFreq
                0x00000000000008b8       0x3c ./drivers/fsl_clock.o
                0x00000000000008b8                CLOCK_GetPeriphClkFreq
 .text.CLOCK_GetOutClkFreq
                0x00000000000008f4       0x7c ./drivers/fsl_clock.o
                0x00000000000008f4                CLOCK_GetOutClkFreq
 .text.CLOCK_SetMcgliteConfig
                0x0000000000000970      0x110 ./drivers/fsl_clock.o
                0x0000000000000970                CLOCK_SetMcgliteConfig
 .text.CLOCK_InitOsc0
                0x0000000000000a80       0x94 ./drivers/fsl_clock.o
                0x0000000000000a80                CLOCK_InitOsc0
 .text.LPUART0_DriverIRQHandler
                0x0000000000000b14       0x24 ./drivers/fsl_lpuart.o
                0x0000000000000b14                LPUART0_DriverIRQHandler
 .text.LPUART1_DriverIRQHandler
                0x0000000000000b38       0x24 ./drivers/fsl_lpuart.o
                0x0000000000000b38                LPUART1_DriverIRQHandler
 .text.SystemInit
                0x0000000000000b5c       0x40 ./device/system_MKL43Z4.o
                0x0000000000000b5c                SystemInit
 .text.CLOCK_SetLpuart0Clock
                0x0000000000000b9c       0x38 ./board/board.o
 .text.CLOCK_SetLpuart0Clock
                0x0000000000000bd4       0x38 ./board/clock_config.o
 .text.CLOCK_SetLpuart1Clock
                0x0000000000000c0c       0x38 ./board/clock_config.o
 .text.CLOCK_SetTpmClock
                0x0000000000000c44       0x38 ./board/clock_config.o
 .text.CLOCK_SetFlexio0Clock
                0x0000000000000c7c       0x38 ./board/clock_config.o
 .text.CLOCK_SetClkOutClock
                0x0000000000000cb4       0x34 ./board/clock_config.o
 .text.CLOCK_SetRtcClkOutClock
                0x0000000000000ce8       0x34 ./board/clock_config.o
 .text.CLOCK_SetSimSafeDivs
                0x0000000000000d1c       0x20 ./board/clock_config.o
 .text.CLOCK_SetXtal0Freq
                0x0000000000000d3c       0x1c ./board/clock_config.o
 .text.BOARD_BootClockRUN
                0x0000000000000d58       0x7c ./board/clock_config.o
                0x0000000000000d58                BOARD_BootClockRUN
 .text.CLOCK_EnableClock
                0x0000000000000dd4       0x34 ./board/pin_mux.o
 .text.PORT_SetPinConfig
                0x0000000000000e08       0x38 ./board/pin_mux.o
 .text.BOARD_InitDEBUG_UARTPins
                0x0000000000000e40       0x7c ./board/pin_mux.o
                0x0000000000000e40                BOARD_InitDEBUG_UARTPins
 .text.__assertion_failed
                0x0000000000000ebc       0x4c /Applications/MCUXpressoIDE_11.3.0_5222/ide/plugins/com.nxp.mcuxpresso.tools.macosx_11.3.0.202011031536/tools/bin/../lib/gcc/arm-none-eabi/9.3.1/../../../../arm-none-eabi/lib/thumb/v6-m/nofp/libcr_semihost_nf.a(_cr_assert.o)
                0x0000000000000ebc                __assertion_failed
 .text.__sys_appexit
                0x0000000000000f08        0xc /Applications/MCUXpressoIDE_11.3.0_5222/ide/plugins/com.nxp.mcuxpresso.tools.macosx_11.3.0.202011031536/tools/bin/../lib/gcc/arm-none-eabi/9.3.1/../../../../arm-none-eabi/lib/thumb/v6-m/nofp/libcr_semihost_nf.a(__sys_appexit.o)
                0x0000000000000f08                __exit
                0x0000000000000f08                __sys_appexit
 .text._deferredlazyseek
                0x0000000000000f14       0x40 /Applications/MCUXpressoIDE_11.3.0_5222/ide/plugins/com.nxp.mcuxpresso.tools.macosx_11.3.0.202011031536/tools/bin/../lib/gcc/arm-none-eabi/9.3.1/../../../../arm-none-eabi/lib/thumb/v6-m/nofp/libcr_c.a(_deferredlazyseek.o)
                0x0000000000000f14                _deferredlazyseek
 .text.__flsbuf
                0x0000000000000f54      0x150 /Applications/MCUXpressoIDE_11.3.0_5222/ide/plugins/com.nxp.mcuxpresso.tools.macosx_11.3.0.202011031536/tools/bin/../lib/gcc/arm-none-eabi/9.3.1/../../../../arm-none-eabi/lib/thumb/v6-m/nofp/libcr_c.a(_deferredlazyseek.o)
                0x0000000000000f54                __flsbuf
 .text._fflush  0x00000000000010a4       0x60 /Applications/MCUXpressoIDE_11.3.0_5222/ide/plugins/com.nxp.mcuxpresso.tools.macosx_11.3.0.202011031536/tools/bin/../lib/gcc/arm-none-eabi/9.3.1/../../../../arm-none-eabi/lib/thumb/v6-m/nofp/libcr_c.a(_fflush.o)
                0x00000000000010a4                _fflush
 .text._Cwritebuf
                0x0000000000001104       0x68 /Applications/MCUXpressoIDE_11.3.0_5222/ide/plugins/com.nxp.mcuxpresso.tools.macosx_11.3.0.202011031536/tools/bin/../lib/gcc/arm-none-eabi/9.3.1/../../../../arm-none-eabi/lib/thumb/v6-m/nofp/libcr_c.a(_writebuf.o)
                0x0000000000001104                _Cwritebuf
 .text.malloc   0x000000000000116c       0xd0 /Applications/MCUXpressoIDE_11.3.0_5222/ide/plugins/com.nxp.mcuxpresso.tools.macosx_11.3.0.202011031536/tools/bin/../lib/gcc/arm-none-eabi/9.3.1/../../../../arm-none-eabi/lib/thumb/v6-m/nofp/libcr_c.a(alloc.o)
                0x000000000000116c                malloc
 .text._Csys_alloc
                0x000000000000123c       0x20 /Applications/MCUXpressoIDE_11.3.0_5222/ide/plugins/com.nxp.mcuxpresso.tools.macosx_11.3.0.202011031536/tools/bin/../lib/gcc/arm-none-eabi/9.3.1/../../../../arm-none-eabi/lib/thumb/v6-m/nofp/libcr_c.a(alloc.o)
                0x000000000000123c                _Csys_alloc
 .text.fseek    0x000000000000125c       0xf4 /Applications/MCUXpressoIDE_11.3.0_5222/ide/plugins/com.nxp.mcuxpresso.tools.macosx_11.3.0.202011031536/tools/bin/../lib/gcc/arm-none-eabi/9.3.1/../../../../arm-none-eabi/lib/thumb/v6-m/nofp/libcr_c.a(fseek.o)
                0x000000000000125c                fseek
 .text.ftell    0x0000000000001350       0x48 /Applications/MCUXpressoIDE_11.3.0_5222/ide/plugins/com.nxp.mcuxpresso.tools.macosx_11.3.0.202011031536/tools/bin/../lib/gcc/arm-none-eabi/9.3.1/../../../../arm-none-eabi/lib/thumb/v6-m/nofp/libcr_c.a(ftell.o)
                0x0000000000001350                ftell
 .text._initio  0x0000000000001398       0x7c /Applications/MCUXpressoIDE_11.3.0_5222/ide/plugins/com.nxp.mcuxpresso.tools.macosx_11.3.0.202011031536/tools/bin/../lib/gcc/arm-none-eabi/9.3.1/../../../../arm-none-eabi/lib/thumb/v6-m/nofp/libcr_c.a(initio.o)
                0x0000000000001398                _initio
 .text.setvbuf  0x0000000000001414       0x4c /Applications/MCUXpressoIDE_11.3.0_5222/ide/plugins/com.nxp.mcuxpresso.tools.macosx_11.3.0.202011031536/tools/bin/../lib/gcc/arm-none-eabi/9.3.1/../../../../arm-none-eabi/lib/thumb/v6-m/nofp/libcr_c.a(setvbuf.o)
                0x0000000000001414                setvbuf
 .text.strlen   0x0000000000001460       0x58 /Applications/MCUXpressoIDE_11.3.0_5222/ide/plugins/com.nxp.mcuxpresso.tools.macosx_11.3.0.202011031536/tools/bin/../lib/gcc/arm-none-eabi/9.3.1/../../../../arm-none-eabi/lib/thumb/v6-m/nofp/libcr_c.a(strlen.o)
                0x0000000000001460                strlen
 .text._sbrk    0x00000000000014b8       0x44 /Applications/MCUXpressoIDE_11.3.0_5222/ide/plugins/com.nxp.mcuxpresso.tools.macosx_11.3.0.202011031536/tools/bin/../lib/gcc/arm-none-eabi/9.3.1/../../../../arm-none-eabi/lib/thumb/v6-m/nofp/libcr_c.a(_cr_sbrk.o)
                0x00000000000014b8                _sbrk
 .text._fdopen  0x00000000000014fc       0x74 /Applications/MCUXpressoIDE_11.3.0_5222/ide/plugins/com.nxp.mcuxpresso.tools.macosx_11.3.0.202011031536/tools/bin/../lib/gcc/arm-none-eabi/9.3.1/../../../../arm-none-eabi/lib/thumb/v6-m/nofp/libcr_c.a(_fdopen.o)
                0x00000000000014fc                _fdopen
 .text.fclose   0x0000000000001570       0x5c /Applications/MCUXpressoIDE_11.3.0_5222/ide/plugins/com.nxp.mcuxpresso.tools.macosx_11.3.0.202011031536/tools/bin/../lib/gcc/arm-none-eabi/9.3.1/../../../../arm-none-eabi/lib/thumb/v6-m/nofp/libcr_c.a(fclose.o)
                0x0000000000001570                fclose
 .text.fflush   0x00000000000015cc       0x44 /Applications/MCUXpressoIDE_11.3.0_5222/ide/plugins/com.nxp.mcuxpresso.tools.macosx_11.3.0.202011031536/tools/bin/../lib/gcc/arm-none-eabi/9.3.1/../../../../arm-none-eabi/lib/thumb/v6-m/nofp/libcr_c.a(fflush.o)
                0x00000000000015cc                fflush
 .text.__check_heap_overflow
                0x0000000000001610       0x14 /Applications/MCUXpressoIDE_11.3.0_5222/ide/plugins/com.nxp.mcuxpresso.tools.macosx_11.3.0.202011031536/tools/bin/../lib/gcc/arm-none-eabi/9.3.1/../../../../arm-none-eabi/lib/thumb/v6-m/nofp/libcr_c.a(_cr_check_heap.o)
                0x0000000000001610                __check_heap_overflow
 .text._do_fflush
                0x0000000000001624       0x48 /Applications/MCUXpressoIDE_11.3.0_5222/ide/plugins/com.nxp.mcuxpresso.tools.macosx_11.3.0.202011031536/tools/bin/../lib/gcc/arm-none-eabi/9.3.1/../../../../arm-none-eabi/lib/thumb/v6-m/nofp/libcr_c.a(_do_fflush.o)
                0x0000000000001624                _do_fflush
 .text.embotelladora_init
                0x000000000000166c       0x58 ./source/embotelladora.o
                0x000000000000166c                embotelladora_init
 .text.embotelladora_enter
                0x00000000000016c4       0x44 ./source/embotelladora.o
                0x00000000000016c4                embotelladora_enter
 .text.clear_in_events
                0x0000000000001708       0x22 ./source/embotelladora.o
 .text.micro_step
                0x000000000000172a       0x6c ./source/embotelladora.o
 .text.run_cycle
                0x0000000000001796       0x6c ./source/embotelladora.o
 .text.embotelladora_raise_sensorG_ON
                0x0000000000001802       0x24 ./source/embotelladora.o
                0x0000000000001802                embotelladora_raise_sensorG_ON
 .text.embotelladora_raise_sensorG_OFF
                0x0000000000001826       0x24 ./source/embotelladora.o
                0x0000000000001826                embotelladora_raise_sensorG_OFF
 .text.embotelladora_raise_sensorC_ON
                0x000000000000184a       0x24 ./source/embotelladora.o
                0x000000000000184a                embotelladora_raise_sensorC_ON
 .text.embotelladora_get_t_valvula
                0x000000000000186e       0x14 ./source/embotelladora.o
                0x000000000000186e                embotelladora_get_t_valvula
 .text.embotelladora_get_m_cinta
                0x0000000000001882       0x14 ./source/embotelladora.o
                0x0000000000001882                embotelladora_get_m_cinta
 .text.enseq_main_region_Inicio_default
                0x0000000000001896       0x1c ./source/embotelladora.o
 .text.enseq_main_region_Movimiento_default
                0x00000000000018b2       0x1c ./source/embotelladora.o
 .text.enseq_main_region_Llenando_default
                0x00000000000018ce       0x1c ./source/embotelladora.o
 .text.enseq_main_region_Retirar_Botella_default
                0x00000000000018ea       0x1c ./source/embotelladora.o
 .text.enseq_main_region_default
                0x0000000000001906       0x18 ./source/embotelladora.o
 .text.exseq_main_region_Inicio
                0x000000000000191e       0x16 ./source/embotelladora.o
 .text.exseq_main_region_Movimiento
                0x0000000000001934       0x16 ./source/embotelladora.o
 .text.exseq_main_region_Llenando
                0x000000000000194a       0x16 ./source/embotelladora.o
 .text.exseq_main_region_Retirar_Botella
                0x0000000000001960       0x16 ./source/embotelladora.o
 .text.react_main_region__entry_Default
                0x0000000000001976       0x18 ./source/embotelladora.o
 .text.react    0x000000000000198e       0x14 ./source/embotelladora.o
 .text.main_region_Inicio_react
                0x00000000000019a2       0x90 ./source/embotelladora.o
 .text.main_region_Movimiento_react
                0x0000000000001a32       0x68 ./source/embotelladora.o
 .text.main_region_Llenando_react
                0x0000000000001a9a       0x68 ./source/embotelladora.o
 .text.main_region_Retirar_Botella_react
                0x0000000000001b02       0x68 ./source/embotelladora.o
 .text.embotelladora_eventqueue_init
                0x0000000000001b6a       0x32 ./source/embotelladora.o
 .text.embotelladora_eventqueue_size
                0x0000000000001b9c       0x14 ./source/embotelladora.o
 .text.embotelladora_eventqueue_pop
                0x0000000000001bb0       0x6c ./source/embotelladora.o
 .text.embotelladora_eventqueue_push
                0x0000000000001c1c       0x66 ./source/embotelladora.o
 .text.embotelladora_event_init
                0x0000000000001c82       0x1e ./source/embotelladora.o
 .text.embotelladora_add_event_to_queue
                0x0000000000001ca0       0x34 ./source/embotelladora.o
 .text.embotelladora_dispatch_event
                0x0000000000001cd4       0x40 ./source/embotelladora.o
 .text.embotelladora_get_next_event
                0x0000000000001d14       0x42 ./source/embotelladora.o
 .text.embotelladora_dispatch_next_event
                0x0000000000001d56       0x2e ./source/embotelladora.o
 .text.GPIO_PinWrite
                0x0000000000001d84       0x38 ./source/main.o
 .text.GPIO_PinRead
                0x0000000000001dbc       0x20 ./source/main.o
 .text.OSC_SetExtRefClkConfig
                0x0000000000001ddc       0x3e ./drivers/fsl_clock.o
 .text.OSC_SetCapLoad
                0x0000000000001e1a       0x42 ./drivers/fsl_clock.o
 .text.SystemInitHook
                0x0000000000001e5c        0xa ./device/system_MKL43Z4.o
                0x0000000000001e5c                SystemInitHook
 .text.DbgConsole_Init
                0x0000000000001e66       0x26 ./board/board.o
 .text.BOARD_InitDebugConsole
                0x0000000000001e8c       0x2c ./board/board.o
                0x0000000000001e8c                BOARD_InitDebugConsole
 .text.BOARD_InitBootClocks
                0x0000000000001eb8        0xe ./board/clock_config.o
                0x0000000000001eb8                BOARD_InitBootClocks
 .text.BOARD_InitBootPeripherals
                0x0000000000001ec6        0xa ./board/peripherals.o
                0x0000000000001ec6                BOARD_InitBootPeripherals
 .text.BOARD_InitBootPins
                0x0000000000001ed0       0x12 ./board/pin_mux.o
                0x0000000000001ed0                BOARD_InitBootPins
 .text.BOARD_InitPins
                0x0000000000001ee2        0xa ./board/pin_mux.o
                0x0000000000001ee2                BOARD_InitPins
 .text.__main   0x0000000000001eec        0xc /Applications/MCUXpressoIDE_11.3.0_5222/ide/plugins/com.nxp.mcuxpresso.tools.macosx_11.3.0.202011031536/tools/bin/../lib/gcc/arm-none-eabi/9.3.1/../../../../arm-none-eabi/lib/thumb/v6-m/nofp/libcr_semihost_nf.a(_cr__main.o)
                0x0000000000001eec                __main
                0x0000000000001eec                __CR_SEMIHOST
 .text.memset   0x0000000000001ef8        0x8 /Applications/MCUXpressoIDE_11.3.0_5222/ide/plugins/com.nxp.mcuxpresso.tools.macosx_11.3.0.202011031536/tools/bin/../lib/gcc/arm-none-eabi/9.3.1/../../../../arm-none-eabi/lib/thumb/v6-m/nofp/libcr_c.a(memset.o)
                0x0000000000001ef8                memset
 .text.free     0x0000000000001f00       0x2c /Applications/MCUXpressoIDE_11.3.0_5222/ide/plugins/com.nxp.mcuxpresso.tools.macosx_11.3.0.202011031536/tools/bin/../lib/gcc/arm-none-eabi/9.3.1/../../../../arm-none-eabi/lib/thumb/v6-m/nofp/libcr_c.a(alloc.o)
                0x0000000000001f00                free
 .text.fputs    0x0000000000001f2c       0x2e /Applications/MCUXpressoIDE_11.3.0_5222/ide/plugins/com.nxp.mcuxpresso.tools.macosx_11.3.0.202011031536/tools/bin/../lib/gcc/arm-none-eabi/9.3.1/../../../../arm-none-eabi/lib/thumb/v6-m/nofp/libcr_c.a(fputs.o)
                0x0000000000001f2c                fputs
 .text.remove   0x0000000000001f5a       0x12 /Applications/MCUXpressoIDE_11.3.0_5222/ide/plugins/com.nxp.mcuxpresso.tools.macosx_11.3.0.202011031536/tools/bin/../lib/gcc/arm-none-eabi/9.3.1/../../../../arm-none-eabi/lib/thumb/v6-m/nofp/libcr_c.a(remove.o)
                0x0000000000001f5a                remove
 .text.__aeabi_division_idivmod
                0x0000000000001f6c       0x78 /Applications/MCUXpressoIDE_11.3.0_5222/ide/plugins/com.nxp.mcuxpresso.tools.macosx_11.3.0.202011031536/tools/bin/../lib/gcc/arm-none-eabi/9.3.1/thumb/v6-m/nofp/libcr_eabihelpers.a(division_32.o)
                0x0000000000001f6c                __aeabi_idiv
                0x0000000000001f6c                __aeabi_idivmod
                0x0000000000001f72                __aeabi_uidiv
                0x0000000000001f72                __aeabi_uidivmod
 .text.__aeabi_division_idiv0
                0x0000000000001fe4        0x2 /Applications/MCUXpressoIDE_11.3.0_5222/ide/plugins/com.nxp.mcuxpresso.tools.macosx_11.3.0.202011031536/tools/bin/../lib/gcc/arm-none-eabi/9.3.1/thumb/v6-m/nofp/libcr_eabihelpers.a(division_idiv0.o)
                0x0000000000001fe4                __aeabi_idiv0
 .text.__aeabi_memset_lowlevel
                0x0000000000001fe6       0x2a /Applications/MCUXpressoIDE_11.3.0_5222/ide/plugins/com.nxp.mcuxpresso.tools.macosx_11.3.0.202011031536/tools/bin/../lib/gcc/arm-none-eabi/9.3.1/thumb/v6-m/nofp/libcr_eabihelpers.a(memcpy.o)
                0x0000000000001fe6                __aeabi_lowlevel_memset
 .text.__sys_close
                0x0000000000002010        0xc /Applications/MCUXpressoIDE_11.3.0_5222/ide/plugins/com.nxp.mcuxpresso.tools.macosx_11.3.0.202011031536/tools/bin/../lib/gcc/arm-none-eabi/9.3.1/../../../../arm-none-eabi/lib/thumb/v6-m/nofp/libcr_semihost_nf.a(__sys_close.o)
                0x0000000000002010                __sys_close
 .text.__sys_flen
                0x000000000000201c        0xc /Applications/MCUXpressoIDE_11.3.0_5222/ide/plugins/com.nxp.mcuxpresso.tools.macosx_11.3.0.202011031536/tools/bin/../lib/gcc/arm-none-eabi/9.3.1/../../../../arm-none-eabi/lib/thumb/v6-m/nofp/libcr_semihost_nf.a(__sys_flen.o)
                0x000000000000201c                __sys_flen
 .text.__sys_istty
                0x0000000000002028        0xc /Applications/MCUXpressoIDE_11.3.0_5222/ide/plugins/com.nxp.mcuxpresso.tools.macosx_11.3.0.202011031536/tools/bin/../lib/gcc/arm-none-eabi/9.3.1/../../../../arm-none-eabi/lib/thumb/v6-m/nofp/libcr_semihost_nf.a(__sys_istty.o)
                0x0000000000002028                __sys_istty
 .text.__sys_remove
                0x0000000000002034        0xc /Applications/MCUXpressoIDE_11.3.0_5222/ide/plugins/com.nxp.mcuxpresso.tools.macosx_11.3.0.202011031536/tools/bin/../lib/gcc/arm-none-eabi/9.3.1/../../../../arm-none-eabi/lib/thumb/v6-m/nofp/libcr_semihost_nf.a(__sys_remove.o)
                0x0000000000002034                __sys_remove
 .text.__sys_seek
                0x0000000000002040        0xc /Applications/MCUXpressoIDE_11.3.0_5222/ide/plugins/com.nxp.mcuxpresso.tools.macosx_11.3.0.202011031536/tools/bin/../lib/gcc/arm-none-eabi/9.3.1/../../../../arm-none-eabi/lib/thumb/v6-m/nofp/libcr_semihost_nf.a(__sys_seek.o)
                0x0000000000002040                __sys_seek
 .text.__sys_tmpnam
                0x000000000000204c        0xc /Applications/MCUXpressoIDE_11.3.0_5222/ide/plugins/com.nxp.mcuxpresso.tools.macosx_11.3.0.202011031536/tools/bin/../lib/gcc/arm-none-eabi/9.3.1/../../../../arm-none-eabi/lib/thumb/v6-m/nofp/libcr_semihost_nf.a(__sys_tmpnam.o)
                0x000000000000204c                __sys_tmpnam
 .text.__sys_write
                0x0000000000002058        0xc /Applications/MCUXpressoIDE_11.3.0_5222/ide/plugins/com.nxp.mcuxpresso.tools.macosx_11.3.0.202011031536/tools/bin/../lib/gcc/arm-none-eabi/9.3.1/../../../../arm-none-eabi/lib/thumb/v6-m/nofp/libcr_semihost_nf.a(__sys_write.o)
                0x0000000000002058                __sys_write
 *(SORT_BY_ALIGNMENT(.rodata) SORT_BY_ALIGNMENT(.rodata.*) SORT_BY_ALIGNMENT(.constdata) SORT_BY_ALIGNMENT(.constdata.*))
 .rodata.CLOCK_GetOsc0ErClkFreq.str1.4
                0x0000000000002064       0x1f ./drivers/fsl_clock.o
 *fill*         0x0000000000002083        0x1 ff
 .rodata.CLOCK_GetEr32kClkFreq.str1.4
                0x0000000000002084       0x20 ./drivers/fsl_clock.o
 .rodata.CLOCK_GetFreq
                0x00000000000020a4       0x50 ./drivers/fsl_clock.o
 .rodata.CLOCK_GetOutClkFreq.str1.4
                0x00000000000020f4       0x1f ./drivers/fsl_clock.o
 *fill*         0x0000000000002113        0x1 ff
 .rodata.CLOCK_SetMcgliteConfig.str1.4
                0x0000000000002114       0x20 ./drivers/fsl_clock.o
 .rodata.lircFreqs.5289
                0x0000000000002134        0x8 ./drivers/fsl_clock.o
 .rodata.mcgliteConfig_BOARD_BootClockRUN
                0x000000000000213c        0x6 ./board/clock_config.o
                0x000000000000213c                mcgliteConfig_BOARD_BootClockRUN
 *fill*         0x0000000000002142        0x2 ff
 .rodata.simConfig_BOARD_BootClockRUN
                0x0000000000002144        0x8 ./board/clock_config.o
                0x0000000000002144                simConfig_BOARD_BootClockRUN
 .rodata.oscConfig_BOARD_BootClockRUN
                0x000000000000214c        0x8 ./board/clock_config.o
                0x000000000000214c                oscConfig_BOARD_BootClockRUN
 .rodata.PORT_SetPinConfig.str1.4
                0x0000000000002154       0x59 ./board/pin_mux.o
 *fill*         0x00000000000021ad        0x3 ff
 .rodata.__num_Ciob_streams
                0x00000000000021b0        0x4 /Applications/MCUXpressoIDE_11.3.0_5222/ide/plugins/com.nxp.mcuxpresso.tools.macosx_11.3.0.202011031536/tools/bin/../lib/gcc/arm-none-eabi/9.3.1/../../../../arm-none-eabi/lib/thumb/v6-m/nofp/libcr_semihost_nf.a(__ciob.o)
                0x00000000000021b0                __num_Ciob_streams
 .rodata.__assertion_failed.str1.1
                0x00000000000021b4       0x15 /Applications/MCUXpressoIDE_11.3.0_5222/ide/plugins/com.nxp.mcuxpresso.tools.macosx_11.3.0.202011031536/tools/bin/../lib/gcc/arm-none-eabi/9.3.1/../../../../arm-none-eabi/lib/thumb/v6-m/nofp/libcr_semihost_nf.a(_cr_assert.o)
 .rodata._Csys_alloc.str1.1
                0x00000000000021c9       0x18 /Applications/MCUXpressoIDE_11.3.0_5222/ide/plugins/com.nxp.mcuxpresso.tools.macosx_11.3.0.202011031536/tools/bin/../lib/gcc/arm-none-eabi/9.3.1/../../../../arm-none-eabi/lib/thumb/v6-m/nofp/libcr_c.a(alloc.o)
 .rodata._initio.str1.1
                0x00000000000021e1        0x4 /Applications/MCUXpressoIDE_11.3.0_5222/ide/plugins/com.nxp.mcuxpresso.tools.macosx_11.3.0.202011031536/tools/bin/../lib/gcc/arm-none-eabi/9.3.1/../../../../arm-none-eabi/lib/thumb/v6-m/nofp/libcr_c.a(initio.o)
                0x00000000000021e8                . = ALIGN (0x4)
 *fill*         0x00000000000021e5        0x3 ff

.glue_7         0x00000000000021e8        0x0
 .glue_7        0x00000000000021e8        0x0 linker stubs

.glue_7t        0x00000000000021e8        0x0
 .glue_7t       0x00000000000021e8        0x0 linker stubs

.vfp11_veneer   0x00000000000021e8        0x0
 .vfp11_veneer  0x00000000000021e8        0x0 linker stubs

.v4_bx          0x00000000000021e8        0x0
 .v4_bx         0x00000000000021e8        0x0 linker stubs

.iplt           0x00000000000021e8        0x0
 .iplt          0x00000000000021e8        0x0 ./startup/startup_mkl43z4.o

.rel.dyn        0x00000000000021e8        0x0
 .rel.iplt      0x00000000000021e8        0x0 ./startup/startup_mkl43z4.o

.ARM.extab
 *(SORT_BY_ALIGNMENT(.ARM.extab*) SORT_BY_ALIGNMENT(.gnu.linkonce.armextab.*))

.ARM.exidx      0x00000000000021e8        0x0
                0x00000000000021e8                __exidx_start = .
 *(SORT_BY_ALIGNMENT(.ARM.exidx*) SORT_BY_ALIGNMENT(.gnu.linkonce.armexidx.*))
                0x00000000000021e8                __exidx_end = .
                0x00000000000021e8                _etext = .

.m_usb_data
 *(SORT_BY_ALIGNMENT(m_usb_bdt))

.mtb_buffer_default
                0x000000001fffe000       0x80
 *(SORT_BY_ALIGNMENT(.mtb*))
 .mtb.$RAM1     0x000000001fffe000       0x80 ./source/mtb.o
                0x000000001fffe000                __mtb_buffer__

.uninit_RESERVED
                0x000000001fffe080        0x0
                0x000000001fffe080                _start_uninit_RESERVED = .
 *(SORT_BY_ALIGNMENT(.bss.$RESERVED*))
                0x000000001fffe080                . = ALIGN (0x4)
                0x000000001fffe080                _end_uninit_RESERVED = .

.data           0x000000001fffe080        0x4 load address 0x00000000000021e8
 FILL mask 0xff
                0x000000001fffe080                _data = .
                [!provide]                        PROVIDE (__start_data_RAM = .)
                [!provide]                        PROVIDE (__start_data_SRAM = .)
 *(SORT_BY_ALIGNMENT(vtable))
 *(SORT_BY_ALIGNMENT(.ramfunc*))
 *(SORT_BY_ALIGNMENT(CodeQuickAccess))
 *(SORT_BY_ALIGNMENT(DataQuickAccess))
 *(SORT_BY_ALIGNMENT(RamFunction))
 *(SORT_BY_ALIGNMENT(.data*))
 .data.SystemCoreClock
                0x000000001fffe080        0x4 ./device/system_MKL43Z4.o
                0x000000001fffe080                SystemCoreClock
                0x000000001fffe084                . = ALIGN (0x4)
                0x000000001fffe084                _edata = .
                [!provide]                        PROVIDE (__end_data_RAM = .)
                [!provide]                        PROVIDE (__end_data_SRAM = .)

.igot.plt       0x000000001fffe084        0x0 load address 0x00000000000021ec
 .igot.plt      0x000000001fffe084        0x0 ./startup/startup_mkl43z4.o

.bss            0x000000001fffe084       0xd4
                0x000000001fffe084                _bss = .
                [!provide]                        PROVIDE (__start_bss_RAM = .)
                [!provide]                        PROVIDE (__start_bss_SRAM = .)
 *(SORT_BY_ALIGNMENT(.bss*))
 .bss.g_xtal0Freq
                0x000000001fffe084        0x4 ./drivers/fsl_clock.o
                0x000000001fffe084                g_xtal0Freq
 .bss.g_xtal32Freq
                0x000000001fffe088        0x4 ./drivers/fsl_clock.o
                0x000000001fffe088                g_xtal32Freq
 .bss.s_lpuartHandle
                0x000000001fffe08c        0x8 ./drivers/fsl_lpuart.o
 .bss.s_lpuartIsr
                0x000000001fffe094        0x4 ./drivers/fsl_lpuart.o
 .bss.__Ciob    0x000000001fffe098       0xb4 /Applications/MCUXpressoIDE_11.3.0_5222/ide/plugins/com.nxp.mcuxpresso.tools.macosx_11.3.0.202011031536/tools/bin/../lib/gcc/arm-none-eabi/9.3.1/../../../../arm-none-eabi/lib/thumb/v6-m/nofp/libcr_semihost_nf.a(__ciob.o)
                0x000000001fffe098                __Ciob
 .bss.__end_of_heap
                0x000000001fffe14c        0x4 /Applications/MCUXpressoIDE_11.3.0_5222/ide/plugins/com.nxp.mcuxpresso.tools.macosx_11.3.0.202011031536/tools/bin/../lib/gcc/arm-none-eabi/9.3.1/../../../../arm-none-eabi/lib/thumb/v6-m/nofp/libcr_c.a(__init_alloc.o)
                0x000000001fffe14c                __end_of_heap
 .bss.__heaps   0x000000001fffe150        0x4 /Applications/MCUXpressoIDE_11.3.0_5222/ide/plugins/com.nxp.mcuxpresso.tools.macosx_11.3.0.202011031536/tools/bin/../lib/gcc/arm-none-eabi/9.3.1/../../../../arm-none-eabi/lib/thumb/v6-m/nofp/libcr_c.a(__init_alloc.o)
                0x000000001fffe150                __heaps
 .bss.errno     0x000000001fffe154        0x4 /Applications/MCUXpressoIDE_11.3.0_5222/ide/plugins/com.nxp.mcuxpresso.tools.macosx_11.3.0.202011031536/tools/bin/../lib/gcc/arm-none-eabi/9.3.1/../../../../arm-none-eabi/lib/thumb/v6-m/nofp/libcr_c.a(errno.o)
                0x000000001fffe154                errno
 *(SORT_BY_ALIGNMENT(COMMON))
                0x000000001fffe158                . = ALIGN (0x4)
                0x000000001fffe158                _ebss = .
                [!provide]                        PROVIDE (__end_bss_RAM = .)
                [!provide]                        PROVIDE (__end_bss_SRAM = .)
                [!provide]                        PROVIDE (end = .)

.noinit         0x000000001fffe158        0x0
                0x000000001fffe158                _noinit = .
                [!provide]                        PROVIDE (__start_noinit_RAM = .)
                [!provide]                        PROVIDE (__start_noinit_SRAM = .)
 *(SORT_BY_ALIGNMENT(.noinit*))
                0x000000001fffe158                . = ALIGN (0x4)
                0x000000001fffe158                _end_noinit = .
                [!provide]                        PROVIDE (__end_noinit_RAM = .)
                [!provide]                        PROVIDE (__end_noinit_SRAM = .)
                0x0000000000000800                _HeapSize = 0x800

.heap           0x000000001fffe158      0x800
                0x000000001fffe158                _pvHeapStart = .
                0x000000001fffe958                . = (. + _HeapSize)
 *fill*         0x000000001fffe158      0x800 
                0x000000001fffe958                . = ALIGN (0x4)
                0x000000001fffe958                _pvHeapLimit = .
                0x0000000000000800                _StackSize = 0x800

.heap2stackfill
                0x000000001fffe958      0x800
                0x000000001ffff158                . = (. + _StackSize)
 *fill*         0x000000001fffe958      0x800 

.stack          0x0000000020005800        0x0
                0x0000000020005800                _vStackBase = .
                0x0000000020005800                . = ALIGN (0x4)
                0x0000000020006000                _vStackTop = (. + _StackSize)
                0x0000000000000000                _image_start = LOADADDR (.text)
                0x00000000000021ec                _image_end = (LOADADDR (.data) + SIZEOF (.data))
                0x00000000000021ec                _image_size = (_image_end - _image_start)
OUTPUT(embotelladora_mcu.axf elf32-littlearm)
LOAD linker stubs

.debug_info     0x0000000000000000     0x643f
 .debug_info    0x0000000000000000      0x4d3 ./startup/startup_mkl43z4.o
 .debug_info    0x00000000000004d3      0xa6d ./source/embotelladora.o
 .debug_info    0x0000000000000f40      0x7a2 ./source/main.o
 .debug_info    0x00000000000016e2       0x53 ./source/mtb.o
 .debug_info    0x0000000000001735       0x3c ./source/semihost_hardfault.o
 .debug_info    0x0000000000001771     0x134c ./drivers/fsl_clock.o
 .debug_info    0x0000000000002abd     0x17dc ./drivers/fsl_lpuart.o
 .debug_info    0x0000000000004299      0x495 ./device/system_MKL43Z4.o
 .debug_info    0x000000000000472e      0x837 ./board/board.o
 .debug_info    0x0000000000004f65      0xb40 ./board/clock_config.o
 .debug_info    0x0000000000005aa5       0x3c ./board/peripherals.o
 .debug_info    0x0000000000005ae1      0x95e ./board/pin_mux.o

.debug_abbrev   0x0000000000000000     0x1449
 .debug_abbrev  0x0000000000000000      0x1ad ./startup/startup_mkl43z4.o
 .debug_abbrev  0x00000000000001ad      0x237 ./source/embotelladora.o
 .debug_abbrev  0x00000000000003e4      0x1c5 ./source/main.o
 .debug_abbrev  0x00000000000005a9       0x46 ./source/mtb.o
 .debug_abbrev  0x00000000000005ef       0x31 ./source/semihost_hardfault.o
 .debug_abbrev  0x0000000000000620      0x2cf ./drivers/fsl_clock.o
 .debug_abbrev  0x00000000000008ef      0x330 ./drivers/fsl_lpuart.o
 .debug_abbrev  0x0000000000000c1f      0x170 ./device/system_MKL43Z4.o
 .debug_abbrev  0x0000000000000d8f      0x1e3 ./board/board.o
 .debug_abbrev  0x0000000000000f72      0x1ed ./board/clock_config.o
 .debug_abbrev  0x000000000000115f       0x31 ./board/peripherals.o
 .debug_abbrev  0x0000000000001190      0x2b9 ./board/pin_mux.o

.debug_aranges  0x0000000000000000      0x680
 .debug_aranges
                0x0000000000000000      0x160 ./startup/startup_mkl43z4.o
 .debug_aranges
                0x0000000000000160      0x150 ./source/embotelladora.o
 .debug_aranges
                0x00000000000002b0       0x30 ./source/main.o
 .debug_aranges
                0x00000000000002e0       0x18 ./source/mtb.o
 .debug_aranges
                0x00000000000002f8       0x20 ./source/semihost_hardfault.o
 .debug_aranges
                0x0000000000000318       0xd0 ./drivers/fsl_clock.o
 .debug_aranges
                0x00000000000003e8      0x120 ./drivers/fsl_lpuart.o
 .debug_aranges
                0x0000000000000508       0x30 ./device/system_MKL43Z4.o
 .debug_aranges
                0x0000000000000538       0x30 ./board/board.o
 .debug_aranges
                0x0000000000000568       0x80 ./board/clock_config.o
 .debug_aranges
                0x00000000000005e8       0x20 ./board/peripherals.o
 .debug_aranges
                0x0000000000000608       0x78 ./board/pin_mux.o

.debug_ranges   0x0000000000000000      0x5b8
 .debug_ranges  0x0000000000000000      0x150 ./startup/startup_mkl43z4.o
 .debug_ranges  0x0000000000000150      0x140 ./source/embotelladora.o
 .debug_ranges  0x0000000000000290       0x20 ./source/main.o
 .debug_ranges  0x00000000000002b0       0x10 ./source/semihost_hardfault.o
 .debug_ranges  0x00000000000002c0       0xc0 ./drivers/fsl_clock.o
 .debug_ranges  0x0000000000000380      0x110 ./drivers/fsl_lpuart.o
 .debug_ranges  0x0000000000000490       0x20 ./device/system_MKL43Z4.o
 .debug_ranges  0x00000000000004b0       0x20 ./board/board.o
 .debug_ranges  0x00000000000004d0       0x70 ./board/clock_config.o
 .debug_ranges  0x0000000000000540       0x10 ./board/peripherals.o
 .debug_ranges  0x0000000000000550       0x68 ./board/pin_mux.o

.debug_macro    0x0000000000000000      0xd02
 .debug_macro   0x0000000000000000       0x29 ./startup/startup_mkl43z4.o
 .debug_macro   0x0000000000000029       0x63 ./source/embotelladora.o
 .debug_macro   0x000000000000008c       0x1c ./source/embotelladora.o
 .debug_macro   0x00000000000000a8       0x40 ./source/embotelladora.o
 .debug_macro   0x00000000000000e8      0x1a6 ./source/main.o
 .debug_macro   0x000000000000028e       0x3a ./source/main.o
 .debug_macro   0x00000000000002c8       0xd8 ./source/main.o
 .debug_macro   0x00000000000003a0      0x193 ./source/main.o
 .debug_macro   0x0000000000000533       0x2e ./source/main.o
 .debug_macro   0x0000000000000561       0x2f ./source/mtb.o
 .debug_macro   0x0000000000000590       0x82 ./source/mtb.o
 .debug_macro   0x0000000000000612       0x10 ./source/mtb.o
 .debug_macro   0x0000000000000622       0x11 ./source/semihost_hardfault.o
 .debug_macro   0x0000000000000633      0x12f ./drivers/fsl_clock.o
 .debug_macro   0x0000000000000762      0x102 ./drivers/fsl_lpuart.o
 .debug_macro   0x0000000000000864       0x10 ./drivers/fsl_lpuart.o
 .debug_macro   0x0000000000000874       0x97 ./device/system_MKL43Z4.o
 .debug_macro   0x000000000000090b      0x168 ./board/board.o
 .debug_macro   0x0000000000000a73       0x16 ./board/board.o
 .debug_macro   0x0000000000000a89      0x140 ./board/clock_config.o
 .debug_macro   0x0000000000000bc9       0x1b ./board/peripherals.o
 .debug_macro   0x0000000000000be4      0x108 ./board/pin_mux.o
 .debug_macro   0x0000000000000cec       0x16 ./board/pin_mux.o

.debug_line     0x0000000000000000     0x3b2e
 .debug_line    0x0000000000000000      0x1e5 ./startup/startup_mkl43z4.o
 .debug_line    0x00000000000001e5      0x7e5 ./source/embotelladora.o
 .debug_line    0x00000000000009ca      0x59a ./source/main.o
 .debug_line    0x0000000000000f64       0xd9 ./source/mtb.o
 .debug_line    0x000000000000103d       0x59 ./source/semihost_hardfault.o
 .debug_line    0x0000000000001096      0x852 ./drivers/fsl_clock.o
 .debug_line    0x00000000000018e8      0xe55 ./drivers/fsl_lpuart.o
 .debug_line    0x000000000000273d      0x2ec ./device/system_MKL43Z4.o
 .debug_line    0x0000000000002a29      0x4d8 ./board/board.o
 .debug_line    0x0000000000002f01      0x506 ./board/clock_config.o
 .debug_line    0x0000000000003407       0x5a ./board/peripherals.o
 .debug_line    0x0000000000003461      0x6cd ./board/pin_mux.o

.debug_str      0x0000000000000000    0x54584
 .debug_str     0x0000000000000000     0x316d ./startup/startup_mkl43z4.o
                                       0x31dd (size before relaxing)
 .debug_str     0x000000000000316d     0x1f95 ./source/embotelladora.o
                                       0x4df0 (size before relaxing)
 .debug_str     0x0000000000005102    0x4c05c ./source/main.o
                                      0x50b48 (size before relaxing)
 .debug_str     0x000000000005115e      0x532 ./source/mtb.o
                                       0x32dc (size before relaxing)
 .debug_str     0x0000000000051690       0x1f ./source/semihost_hardfault.o
                                       0x2dc9 (size before relaxing)
 .debug_str     0x00000000000516af     0x1406 ./drivers/fsl_clock.o
                                      0x4ff87 (size before relaxing)
 .debug_str     0x0000000000052ab5     0x1029 ./drivers/fsl_lpuart.o
                                      0x5038d (size before relaxing)
 .debug_str     0x0000000000053ade       0x7c ./device/system_MKL43Z4.o
                                      0x4db5c (size before relaxing)
 .debug_str     0x0000000000053b5a       0xda ./board/board.o
                                      0x5049e (size before relaxing)
 .debug_str     0x0000000000053c34      0x434 ./board/clock_config.o
                                      0x4fa1d (size before relaxing)
 .debug_str     0x0000000000054068       0x31 ./board/peripherals.o
                                       0x2dda (size before relaxing)
 .debug_str     0x0000000000054099      0x4eb ./board/pin_mux.o
                                      0x4f62f (size before relaxing)

.comment        0x0000000000000000       0x4c
 .comment       0x0000000000000000       0x4c ./startup/startup_mkl43z4.o
                                         0x4d (size before relaxing)
 .comment       0x000000000000004c       0x4d ./source/embotelladora.o
 .comment       0x000000000000004c       0x4d ./source/main.o
 .comment       0x000000000000004c       0x4d ./source/mtb.o
 .comment       0x000000000000004c       0x4d ./source/semihost_hardfault.o
 .comment       0x000000000000004c       0x4d ./drivers/fsl_clock.o
 .comment       0x000000000000004c       0x4d ./drivers/fsl_lpuart.o
 .comment       0x000000000000004c       0x4d ./device/system_MKL43Z4.o
 .comment       0x000000000000004c       0x4d ./board/board.o
 .comment       0x000000000000004c       0x4d ./board/clock_config.o
 .comment       0x000000000000004c       0x4d ./board/peripherals.o
 .comment       0x000000000000004c       0x4d ./board/pin_mux.o
 .comment       0x000000000000004c       0x4d /Applications/MCUXpressoIDE_11.3.0_5222/ide/plugins/com.nxp.mcuxpresso.tools.macosx_11.3.0.202011031536/tools/bin/../lib/gcc/arm-none-eabi/9.3.1/../../../../arm-none-eabi/lib/thumb/v6-m/nofp/libcr_semihost_nf.a(_cr__main.o)
 .comment       0x000000000000004c       0x4d /Applications/MCUXpressoIDE_11.3.0_5222/ide/plugins/com.nxp.mcuxpresso.tools.macosx_11.3.0.202011031536/tools/bin/../lib/gcc/arm-none-eabi/9.3.1/../../../../arm-none-eabi/lib/thumb/v6-m/nofp/libcr_semihost_nf.a(_cr_assert.o)
 .comment       0x000000000000004c       0x4d /Applications/MCUXpressoIDE_11.3.0_5222/ide/plugins/com.nxp.mcuxpresso.tools.macosx_11.3.0.202011031536/tools/bin/../lib/gcc/arm-none-eabi/9.3.1/../../../../arm-none-eabi/lib/thumb/v6-m/nofp/libcr_semihost_nf.a(__ciob.o)
 .comment       0x000000000000004c       0x4d /Applications/MCUXpressoIDE_11.3.0_5222/ide/plugins/com.nxp.mcuxpresso.tools.macosx_11.3.0.202011031536/tools/bin/../lib/gcc/arm-none-eabi/9.3.1/../../../../arm-none-eabi/lib/thumb/v6-m/nofp/libcr_c.a(memset.o)
 .comment       0x000000000000004c       0x4d /Applications/MCUXpressoIDE_11.3.0_5222/ide/plugins/com.nxp.mcuxpresso.tools.macosx_11.3.0.202011031536/tools/bin/../lib/gcc/arm-none-eabi/9.3.1/../../../../arm-none-eabi/lib/thumb/v6-m/nofp/libcr_c.a(_deferredlazyseek.o)
 .comment       0x000000000000004c       0x4d /Applications/MCUXpressoIDE_11.3.0_5222/ide/plugins/com.nxp.mcuxpresso.tools.macosx_11.3.0.202011031536/tools/bin/../lib/gcc/arm-none-eabi/9.3.1/../../../../arm-none-eabi/lib/thumb/v6-m/nofp/libcr_c.a(_fflush.o)
 .comment       0x000000000000004c       0x4d /Applications/MCUXpressoIDE_11.3.0_5222/ide/plugins/com.nxp.mcuxpresso.tools.macosx_11.3.0.202011031536/tools/bin/../lib/gcc/arm-none-eabi/9.3.1/../../../../arm-none-eabi/lib/thumb/v6-m/nofp/libcr_c.a(_writebuf.o)
 .comment       0x000000000000004c       0x4d /Applications/MCUXpressoIDE_11.3.0_5222/ide/plugins/com.nxp.mcuxpresso.tools.macosx_11.3.0.202011031536/tools/bin/../lib/gcc/arm-none-eabi/9.3.1/../../../../arm-none-eabi/lib/thumb/v6-m/nofp/libcr_c.a(alloc.o)
 .comment       0x000000000000004c       0x4d /Applications/MCUXpressoIDE_11.3.0_5222/ide/plugins/com.nxp.mcuxpresso.tools.macosx_11.3.0.202011031536/tools/bin/../lib/gcc/arm-none-eabi/9.3.1/../../../../arm-none-eabi/lib/thumb/v6-m/nofp/libcr_c.a(fputs.o)
 .comment       0x000000000000004c       0x4d /Applications/MCUXpressoIDE_11.3.0_5222/ide/plugins/com.nxp.mcuxpresso.tools.macosx_11.3.0.202011031536/tools/bin/../lib/gcc/arm-none-eabi/9.3.1/../../../../arm-none-eabi/lib/thumb/v6-m/nofp/libcr_c.a(fseek.o)
 .comment       0x000000000000004c       0x4d /Applications/MCUXpressoIDE_11.3.0_5222/ide/plugins/com.nxp.mcuxpresso.tools.macosx_11.3.0.202011031536/tools/bin/../lib/gcc/arm-none-eabi/9.3.1/../../../../arm-none-eabi/lib/thumb/v6-m/nofp/libcr_c.a(ftell.o)
 .comment       0x000000000000004c       0x4d /Applications/MCUXpressoIDE_11.3.0_5222/ide/plugins/com.nxp.mcuxpresso.tools.macosx_11.3.0.202011031536/tools/bin/../lib/gcc/arm-none-eabi/9.3.1/../../../../arm-none-eabi/lib/thumb/v6-m/nofp/libcr_c.a(initio.o)
 .comment       0x000000000000004c       0x4d /Applications/MCUXpressoIDE_11.3.0_5222/ide/plugins/com.nxp.mcuxpresso.tools.macosx_11.3.0.202011031536/tools/bin/../lib/gcc/arm-none-eabi/9.3.1/../../../../arm-none-eabi/lib/thumb/v6-m/nofp/libcr_c.a(setvbuf.o)
 .comment       0x000000000000004c       0x4d /Applications/MCUXpressoIDE_11.3.0_5222/ide/plugins/com.nxp.mcuxpresso.tools.macosx_11.3.0.202011031536/tools/bin/../lib/gcc/arm-none-eabi/9.3.1/../../../../arm-none-eabi/lib/thumb/v6-m/nofp/libcr_c.a(strlen.o)
 .comment       0x000000000000004c       0x4d /Applications/MCUXpressoIDE_11.3.0_5222/ide/plugins/com.nxp.mcuxpresso.tools.macosx_11.3.0.202011031536/tools/bin/../lib/gcc/arm-none-eabi/9.3.1/../../../../arm-none-eabi/lib/thumb/v6-m/nofp/libcr_c.a(__init_alloc.o)
 .comment       0x000000000000004c       0x4d /Applications/MCUXpressoIDE_11.3.0_5222/ide/plugins/com.nxp.mcuxpresso.tools.macosx_11.3.0.202011031536/tools/bin/../lib/gcc/arm-none-eabi/9.3.1/../../../../arm-none-eabi/lib/thumb/v6-m/nofp/libcr_c.a(_cr_sbrk.o)
 .comment       0x000000000000004c       0x4d /Applications/MCUXpressoIDE_11.3.0_5222/ide/plugins/com.nxp.mcuxpresso.tools.macosx_11.3.0.202011031536/tools/bin/../lib/gcc/arm-none-eabi/9.3.1/../../../../arm-none-eabi/lib/thumb/v6-m/nofp/libcr_c.a(_fdopen.o)
 .comment       0x000000000000004c       0x4d /Applications/MCUXpressoIDE_11.3.0_5222/ide/plugins/com.nxp.mcuxpresso.tools.macosx_11.3.0.202011031536/tools/bin/../lib/gcc/arm-none-eabi/9.3.1/../../../../arm-none-eabi/lib/thumb/v6-m/nofp/libcr_c.a(errno.o)
 .comment       0x000000000000004c       0x4d /Applications/MCUXpressoIDE_11.3.0_5222/ide/plugins/com.nxp.mcuxpresso.tools.macosx_11.3.0.202011031536/tools/bin/../lib/gcc/arm-none-eabi/9.3.1/../../../../arm-none-eabi/lib/thumb/v6-m/nofp/libcr_c.a(fclose.o)
 .comment       0x000000000000004c       0x4d /Applications/MCUXpressoIDE_11.3.0_5222/ide/plugins/com.nxp.mcuxpresso.tools.macosx_11.3.0.202011031536/tools/bin/../lib/gcc/arm-none-eabi/9.3.1/../../../../arm-none-eabi/lib/thumb/v6-m/nofp/libcr_c.a(fflush.o)
 .comment       0x000000000000004c       0x4d /Applications/MCUXpressoIDE_11.3.0_5222/ide/plugins/com.nxp.mcuxpresso.tools.macosx_11.3.0.202011031536/tools/bin/../lib/gcc/arm-none-eabi/9.3.1/../../../../arm-none-eabi/lib/thumb/v6-m/nofp/libcr_c.a(remove.o)
 .comment       0x000000000000004c       0x4d /Applications/MCUXpressoIDE_11.3.0_5222/ide/plugins/com.nxp.mcuxpresso.tools.macosx_11.3.0.202011031536/tools/bin/../lib/gcc/arm-none-eabi/9.3.1/../../../../arm-none-eabi/lib/thumb/v6-m/nofp/libcr_c.a(_cr_check_heap.o)
 .comment       0x000000000000004c       0x4d /Applications/MCUXpressoIDE_11.3.0_5222/ide/plugins/com.nxp.mcuxpresso.tools.macosx_11.3.0.202011031536/tools/bin/../lib/gcc/arm-none-eabi/9.3.1/../../../../arm-none-eabi/lib/thumb/v6-m/nofp/libcr_c.a(_do_fflush.o)

.ARM.attributes
                0x0000000000000000       0x2a
 .ARM.attributes
                0x0000000000000000       0x2c ./startup/startup_mkl43z4.o
 .ARM.attributes
                0x000000000000002c       0x2c ./source/embotelladora.o
 .ARM.attributes
                0x0000000000000058       0x2c ./source/main.o
 .ARM.attributes
                0x0000000000000084       0x32 ./source/mtb.o
 .ARM.attributes
                0x00000000000000b6       0x2c ./source/semihost_hardfault.o
 .ARM.attributes
                0x00000000000000e2       0x2c ./drivers/fsl_clock.o
 .ARM.attributes
                0x000000000000010e       0x2c ./drivers/fsl_lpuart.o
 .ARM.attributes
                0x000000000000013a       0x2c ./device/system_MKL43Z4.o
 .ARM.attributes
                0x0000000000000166       0x2c ./board/board.o
 .ARM.attributes
                0x0000000000000192       0x2c ./board/clock_config.o
 .ARM.attributes
                0x00000000000001be       0x2c ./board/peripherals.o
 .ARM.attributes
                0x00000000000001ea       0x2c ./board/pin_mux.o
 .ARM.attributes
                0x0000000000000216       0x2c /Applications/MCUXpressoIDE_11.3.0_5222/ide/plugins/com.nxp.mcuxpresso.tools.macosx_11.3.0.202011031536/tools/bin/../lib/gcc/arm-none-eabi/9.3.1/../../../../arm-none-eabi/lib/thumb/v6-m/nofp/libcr_semihost_nf.a(_cr__main.o)
 .ARM.attributes
                0x0000000000000242       0x2c /Applications/MCUXpressoIDE_11.3.0_5222/ide/plugins/com.nxp.mcuxpresso.tools.macosx_11.3.0.202011031536/tools/bin/../lib/gcc/arm-none-eabi/9.3.1/../../../../arm-none-eabi/lib/thumb/v6-m/nofp/libcr_semihost_nf.a(_cr_assert.o)
 .ARM.attributes
                0x000000000000026e       0x31 /Applications/MCUXpressoIDE_11.3.0_5222/ide/plugins/com.nxp.mcuxpresso.tools.macosx_11.3.0.202011031536/tools/bin/../lib/gcc/arm-none-eabi/9.3.1/../../../../arm-none-eabi/lib/thumb/v6-m/nofp/libcr_semihost_nf.a(__ciob.o)
 .ARM.attributes
                0x000000000000029f       0x1c /Applications/MCUXpressoIDE_11.3.0_5222/ide/plugins/com.nxp.mcuxpresso.tools.macosx_11.3.0.202011031536/tools/bin/../lib/gcc/arm-none-eabi/9.3.1/../../../../arm-none-eabi/lib/thumb/v6-m/nofp/libcr_semihost_nf.a(__sys_appexit.o)
 .ARM.attributes
                0x00000000000002bb       0x2c /Applications/MCUXpressoIDE_11.3.0_5222/ide/plugins/com.nxp.mcuxpresso.tools.macosx_11.3.0.202011031536/tools/bin/../lib/gcc/arm-none-eabi/9.3.1/../../../../arm-none-eabi/lib/thumb/v6-m/nofp/libcr_c.a(memset.o)
 .ARM.attributes
                0x00000000000002e7       0x2c /Applications/MCUXpressoIDE_11.3.0_5222/ide/plugins/com.nxp.mcuxpresso.tools.macosx_11.3.0.202011031536/tools/bin/../lib/gcc/arm-none-eabi/9.3.1/../../../../arm-none-eabi/lib/thumb/v6-m/nofp/libcr_c.a(_deferredlazyseek.o)
 .ARM.attributes
                0x0000000000000313       0x2c /Applications/MCUXpressoIDE_11.3.0_5222/ide/plugins/com.nxp.mcuxpresso.tools.macosx_11.3.0.202011031536/tools/bin/../lib/gcc/arm-none-eabi/9.3.1/../../../../arm-none-eabi/lib/thumb/v6-m/nofp/libcr_c.a(_fflush.o)
 .ARM.attributes
                0x000000000000033f       0x2c /Applications/MCUXpressoIDE_11.3.0_5222/ide/plugins/com.nxp.mcuxpresso.tools.macosx_11.3.0.202011031536/tools/bin/../lib/gcc/arm-none-eabi/9.3.1/../../../../arm-none-eabi/lib/thumb/v6-m/nofp/libcr_c.a(_writebuf.o)
 .ARM.attributes
                0x000000000000036b       0x2c /Applications/MCUXpressoIDE_11.3.0_5222/ide/plugins/com.nxp.mcuxpresso.tools.macosx_11.3.0.202011031536/tools/bin/../lib/gcc/arm-none-eabi/9.3.1/../../../../arm-none-eabi/lib/thumb/v6-m/nofp/libcr_c.a(alloc.o)
 .ARM.attributes
                0x0000000000000397       0x2c /Applications/MCUXpressoIDE_11.3.0_5222/ide/plugins/com.nxp.mcuxpresso.tools.macosx_11.3.0.202011031536/tools/bin/../lib/gcc/arm-none-eabi/9.3.1/../../../../arm-none-eabi/lib/thumb/v6-m/nofp/libcr_c.a(fputs.o)
 .ARM.attributes
                0x00000000000003c3       0x2c /Applications/MCUXpressoIDE_11.3.0_5222/ide/plugins/com.nxp.mcuxpresso.tools.macosx_11.3.0.202011031536/tools/bin/../lib/gcc/arm-none-eabi/9.3.1/../../../../arm-none-eabi/lib/thumb/v6-m/nofp/libcr_c.a(fseek.o)
 .ARM.attributes
                0x00000000000003ef       0x2c /Applications/MCUXpressoIDE_11.3.0_5222/ide/plugins/com.nxp.mcuxpresso.tools.macosx_11.3.0.202011031536/tools/bin/../lib/gcc/arm-none-eabi/9.3.1/../../../../arm-none-eabi/lib/thumb/v6-m/nofp/libcr_c.a(ftell.o)
 .ARM.attributes
                0x000000000000041b       0x2c /Applications/MCUXpressoIDE_11.3.0_5222/ide/plugins/com.nxp.mcuxpresso.tools.macosx_11.3.0.202011031536/tools/bin/../lib/gcc/arm-none-eabi/9.3.1/../../../../arm-none-eabi/lib/thumb/v6-m/nofp/libcr_c.a(initio.o)
 .ARM.attributes
                0x0000000000000447       0x2c /Applications/MCUXpressoIDE_11.3.0_5222/ide/plugins/com.nxp.mcuxpresso.tools.macosx_11.3.0.202011031536/tools/bin/../lib/gcc/arm-none-eabi/9.3.1/../../../../arm-none-eabi/lib/thumb/v6-m/nofp/libcr_c.a(setvbuf.o)
 .ARM.attributes
                0x0000000000000473       0x2c /Applications/MCUXpressoIDE_11.3.0_5222/ide/plugins/com.nxp.mcuxpresso.tools.macosx_11.3.0.202011031536/tools/bin/../lib/gcc/arm-none-eabi/9.3.1/../../../../arm-none-eabi/lib/thumb/v6-m/nofp/libcr_c.a(strlen.o)
 .ARM.attributes
                0x000000000000049f       0x2c /Applications/MCUXpressoIDE_11.3.0_5222/ide/plugins/com.nxp.mcuxpresso.tools.macosx_11.3.0.202011031536/tools/bin/../lib/gcc/arm-none-eabi/9.3.1/../../../../arm-none-eabi/lib/thumb/v6-m/nofp/libcr_c.a(__init_alloc.o)
 .ARM.attributes
                0x00000000000004cb       0x2c /Applications/MCUXpressoIDE_11.3.0_5222/ide/plugins/com.nxp.mcuxpresso.tools.macosx_11.3.0.202011031536/tools/bin/../lib/gcc/arm-none-eabi/9.3.1/../../../../arm-none-eabi/lib/thumb/v6-m/nofp/libcr_c.a(_cr_sbrk.o)
 .ARM.attributes
                0x00000000000004f7       0x2c /Applications/MCUXpressoIDE_11.3.0_5222/ide/plugins/com.nxp.mcuxpresso.tools.macosx_11.3.0.202011031536/tools/bin/../lib/gcc/arm-none-eabi/9.3.1/../../../../arm-none-eabi/lib/thumb/v6-m/nofp/libcr_c.a(_fdopen.o)
 .ARM.attributes
                0x0000000000000523       0x31 /Applications/MCUXpressoIDE_11.3.0_5222/ide/plugins/com.nxp.mcuxpresso.tools.macosx_11.3.0.202011031536/tools/bin/../lib/gcc/arm-none-eabi/9.3.1/../../../../arm-none-eabi/lib/thumb/v6-m/nofp/libcr_c.a(errno.o)
 .ARM.attributes
                0x0000000000000554       0x2c /Applications/MCUXpressoIDE_11.3.0_5222/ide/plugins/com.nxp.mcuxpresso.tools.macosx_11.3.0.202011031536/tools/bin/../lib/gcc/arm-none-eabi/9.3.1/../../../../arm-none-eabi/lib/thumb/v6-m/nofp/libcr_c.a(fclose.o)
 .ARM.attributes
                0x0000000000000580       0x2c /Applications/MCUXpressoIDE_11.3.0_5222/ide/plugins/com.nxp.mcuxpresso.tools.macosx_11.3.0.202011031536/tools/bin/../lib/gcc/arm-none-eabi/9.3.1/../../../../arm-none-eabi/lib/thumb/v6-m/nofp/libcr_c.a(fflush.o)
 .ARM.attributes
                0x00000000000005ac       0x2c /Applications/MCUXpressoIDE_11.3.0_5222/ide/plugins/com.nxp.mcuxpresso.tools.macosx_11.3.0.202011031536/tools/bin/../lib/gcc/arm-none-eabi/9.3.1/../../../../arm-none-eabi/lib/thumb/v6-m/nofp/libcr_c.a(remove.o)
 .ARM.attributes
                0x00000000000005d8       0x2c /Applications/MCUXpressoIDE_11.3.0_5222/ide/plugins/com.nxp.mcuxpresso.tools.macosx_11.3.0.202011031536/tools/bin/../lib/gcc/arm-none-eabi/9.3.1/../../../../arm-none-eabi/lib/thumb/v6-m/nofp/libcr_c.a(_cr_check_heap.o)
 .ARM.attributes
                0x0000000000000604       0x2c /Applications/MCUXpressoIDE_11.3.0_5222/ide/plugins/com.nxp.mcuxpresso.tools.macosx_11.3.0.202011031536/tools/bin/../lib/gcc/arm-none-eabi/9.3.1/../../../../arm-none-eabi/lib/thumb/v6-m/nofp/libcr_c.a(_do_fflush.o)
 .ARM.attributes
                0x0000000000000630       0x1c /Applications/MCUXpressoIDE_11.3.0_5222/ide/plugins/com.nxp.mcuxpresso.tools.macosx_11.3.0.202011031536/tools/bin/../lib/gcc/arm-none-eabi/9.3.1/thumb/v6-m/nofp/libcr_eabihelpers.a(division_32.o)
 .ARM.attributes
                0x000000000000064c       0x1c /Applications/MCUXpressoIDE_11.3.0_5222/ide/plugins/com.nxp.mcuxpresso.tools.macosx_11.3.0.202011031536/tools/bin/../lib/gcc/arm-none-eabi/9.3.1/thumb/v6-m/nofp/libcr_eabihelpers.a(division_idiv0.o)
 .ARM.attributes
                0x0000000000000668       0x1c /Applications/MCUXpressoIDE_11.3.0_5222/ide/plugins/com.nxp.mcuxpresso.tools.macosx_11.3.0.202011031536/tools/bin/../lib/gcc/arm-none-eabi/9.3.1/thumb/v6-m/nofp/libcr_eabihelpers.a(memcpy.o)
 .ARM.attributes
                0x0000000000000684       0x1c /Applications/MCUXpressoIDE_11.3.0_5222/ide/plugins/com.nxp.mcuxpresso.tools.macosx_11.3.0.202011031536/tools/bin/../lib/gcc/arm-none-eabi/9.3.1/../../../../arm-none-eabi/lib/thumb/v6-m/nofp/libcr_semihost_nf.a(__sys_close.o)
 .ARM.attributes
                0x00000000000006a0       0x1c /Applications/MCUXpressoIDE_11.3.0_5222/ide/plugins/com.nxp.mcuxpresso.tools.macosx_11.3.0.202011031536/tools/bin/../lib/gcc/arm-none-eabi/9.3.1/../../../../arm-none-eabi/lib/thumb/v6-m/nofp/libcr_semihost_nf.a(__sys_flen.o)
 .ARM.attributes
                0x00000000000006bc       0x1c /Applications/MCUXpressoIDE_11.3.0_5222/ide/plugins/com.nxp.mcuxpresso.tools.macosx_11.3.0.202011031536/tools/bin/../lib/gcc/arm-none-eabi/9.3.1/../../../../arm-none-eabi/lib/thumb/v6-m/nofp/libcr_semihost_nf.a(__sys_istty.o)
 .ARM.attributes
                0x00000000000006d8       0x1c /Applications/MCUXpressoIDE_11.3.0_5222/ide/plugins/com.nxp.mcuxpresso.tools.macosx_11.3.0.202011031536/tools/bin/../lib/gcc/arm-none-eabi/9.3.1/../../../../arm-none-eabi/lib/thumb/v6-m/nofp/libcr_semihost_nf.a(__sys_remove.o)
 .ARM.attributes
                0x00000000000006f4       0x1c /Applications/MCUXpressoIDE_11.3.0_5222/ide/plugins/com.nxp.mcuxpresso.tools.macosx_11.3.0.202011031536/tools/bin/../lib/gcc/arm-none-eabi/9.3.1/../../../../arm-none-eabi/lib/thumb/v6-m/nofp/libcr_semihost_nf.a(__sys_seek.o)
 .ARM.attributes
                0x0000000000000710       0x1c /Applications/MCUXpressoIDE_11.3.0_5222/ide/plugins/com.nxp.mcuxpresso.tools.macosx_11.3.0.202011031536/tools/bin/../lib/gcc/arm-none-eabi/9.3.1/../../../../arm-none-eabi/lib/thumb/v6-m/nofp/libcr_semihost_nf.a(__sys_tmpnam.o)
 .ARM.attributes
                0x000000000000072c       0x1c /Applications/MCUXpressoIDE_11.3.0_5222/ide/plugins/com.nxp.mcuxpresso.tools.macosx_11.3.0.202011031536/tools/bin/../lib/gcc/arm-none-eabi/9.3.1/../../../../arm-none-eabi/lib/thumb/v6-m/nofp/libcr_semihost_nf.a(__sys_write.o)

.debug_frame    0x0000000000000000     0x1460
 .debug_frame   0x0000000000000000      0x3b0 ./startup/startup_mkl43z4.o
 .debug_frame   0x00000000000003b0      0x4f0 ./source/embotelladora.o
 .debug_frame   0x00000000000008a0       0x70 ./source/main.o
 .debug_frame   0x0000000000000910       0x20 ./source/semihost_hardfault.o
 .debug_frame   0x0000000000000930      0x2e8 ./drivers/fsl_clock.o
 .debug_frame   0x0000000000000c18      0x428 ./drivers/fsl_lpuart.o
 .debug_frame   0x0000000000001040       0x68 ./device/system_MKL43Z4.o
 .debug_frame   0x00000000000010a8       0x70 ./board/board.o
 .debug_frame   0x0000000000001118      0x1a0 ./board/clock_config.o
 .debug_frame   0x00000000000012b8       0x2c ./board/peripherals.o
 .debug_frame   0x00000000000012e4      0x17c ./board/pin_mux.o

Cross Reference Table

Symbol                                            File
ADC0_DriverIRQHandler                             ./startup/startup_mkl43z4.o
ADC0_IRQHandler                                   ./startup/startup_mkl43z4.o
BOARD_BootClockRUN                                ./board/clock_config.o
BOARD_BootClockVLPR                               ./board/clock_config.o
BOARD_InitACCEL_I2CPins                           ./board/pin_mux.o
BOARD_InitBUTTONSPins                             ./board/pin_mux.o
                                                  ./source/inicializacion.o
BOARD_InitBootClocks                              ./board/clock_config.o
                                                  ./source/main.o
BOARD_InitBootPeripherals                         ./board/peripherals.o
                                                  ./source/main.o
BOARD_InitBootPins                                ./board/pin_mux.o
                                                  ./source/main.o
BOARD_InitDEBUG_UARTPins                          ./board/pin_mux.o
BOARD_InitDebugConsole                            ./board/board.o
                                                  ./source/main.o
BOARD_InitLCDPins                                 ./board/pin_mux.o
BOARD_InitLEDsPins                                ./board/pin_mux.o
                                                  ./source/inicializacion.o
BOARD_InitOSCPins                                 ./board/pin_mux.o
BOARD_InitPins                                    ./board/pin_mux.o
BOARD_InitUSBPins                                 ./board/pin_mux.o
CLOCK_DeinitOsc0                                  ./drivers/fsl_clock.o
CLOCK_EnableUsbfs0Clock                           ./drivers/fsl_clock.o
                                                  ./board/clock_config.o
CLOCK_GetBusClkFreq                               ./drivers/fsl_clock.o
CLOCK_GetCoreSysClkFreq                           ./drivers/fsl_clock.o
CLOCK_GetEr32kClkFreq                             ./drivers/fsl_clock.o
CLOCK_GetFlashClkFreq                             ./drivers/fsl_clock.o
CLOCK_GetFreq                                     ./drivers/fsl_clock.o
                                                  ./board/board.o
CLOCK_GetInternalRefClkFreq                       ./drivers/fsl_clock.o
CLOCK_GetMode                                     ./drivers/fsl_clock.o
CLOCK_GetOsc0ErClkFreq                            ./drivers/fsl_clock.o
CLOCK_GetOutClkFreq                               ./drivers/fsl_clock.o
CLOCK_GetPeriphClkFreq                            ./drivers/fsl_clock.o
CLOCK_GetPlatClkFreq                              ./drivers/fsl_clock.o
CLOCK_InitOsc0                                    ./drivers/fsl_clock.o
                                                  ./board/clock_config.o
CLOCK_SetMcgliteConfig                            ./drivers/fsl_clock.o
                                                  ./board/clock_config.o
CLOCK_SetSimConfig                                ./drivers/fsl_clock.o
                                                  ./board/clock_config.o
CMP0_DriverIRQHandler                             ./startup/startup_mkl43z4.o
CMP0_IRQHandler                                   ./startup/startup_mkl43z4.o
DAC0_DriverIRQHandler                             ./startup/startup_mkl43z4.o
DAC0_IRQHandler                                   ./startup/startup_mkl43z4.o
DMA0_DriverIRQHandler                             ./startup/startup_mkl43z4.o
DMA0_IRQHandler                                   ./startup/startup_mkl43z4.o
DMA1_DriverIRQHandler                             ./startup/startup_mkl43z4.o
DMA1_IRQHandler                                   ./startup/startup_mkl43z4.o
DMA2_DriverIRQHandler                             ./startup/startup_mkl43z4.o
DMA2_IRQHandler                                   ./startup/startup_mkl43z4.o
DMA3_DriverIRQHandler                             ./startup/startup_mkl43z4.o
DMA3_IRQHandler                                   ./startup/startup_mkl43z4.o
DbgConsole_ReadCharacter                          ./utilities/fsl_debug_console.o
DbgConsole_ReadLine                               ./utilities/fsl_debug_console.o
DbgConsole_ReadOneCharacter                       ./utilities/fsl_debug_console.o
DbgConsole_SendData                               ./utilities/fsl_debug_console.o
DbgConsole_SendDataReliable                       ./utilities/fsl_debug_console.o
FGPIO_PinInit                                     ./drivers/fsl_gpio.o
FGPIO_PortClearInterruptFlags                     ./drivers/fsl_gpio.o
FGPIO_PortGetInterruptFlags                       ./drivers/fsl_gpio.o
FTFA_DriverIRQHandler                             ./startup/startup_mkl43z4.o
FTFA_IRQHandler                                   ./startup/startup_mkl43z4.o
Flash_Config                                      ./startup/startup_mkl43z4.o
GPIO_PinInit                                      ./drivers/fsl_gpio.o
                                                  ./board/pin_mux.o
GPIO_PortClearInterruptFlags                      ./drivers/fsl_gpio.o
GPIO_PortGetInterruptFlags                        ./drivers/fsl_gpio.o
HAL_UartDeinit                                    ./component/uart/lpuart_adapter.o
                                                  ./component/serial_manager/serial_port_uart.o
HAL_UartEnterLowpower                             ./component/uart/lpuart_adapter.o
                                                  ./component/serial_manager/serial_port_uart.o
HAL_UartExitLowpower                              ./component/uart/lpuart_adapter.o
                                                  ./component/serial_manager/serial_port_uart.o
HAL_UartInit                                      ./component/uart/lpuart_adapter.o
                                                  ./component/serial_manager/serial_port_uart.o
HAL_UartReceiveBlocking                           ./component/uart/lpuart_adapter.o
                                                  ./component/serial_manager/serial_port_uart.o
HAL_UartSendBlocking                              ./component/uart/lpuart_adapter.o
                                                  ./component/serial_manager/serial_port_uart.o
HardFault_Handler                                 ./source/semihost_hardfault.o
                                                  ./startup/startup_mkl43z4.o
I2C0_DriverIRQHandler                             ./startup/startup_mkl43z4.o
I2C0_IRQHandler                                   ./startup/startup_mkl43z4.o
I2C1_DriverIRQHandler                             ./startup/startup_mkl43z4.o
I2C1_IRQHandler                                   ./startup/startup_mkl43z4.o
I2S0_DriverIRQHandler                             ./startup/startup_mkl43z4.o
I2S0_IRQHandler                                   ./startup/startup_mkl43z4.o
IntDefaultHandler                                 ./startup/startup_mkl43z4.o
LCD_DriverIRQHandler                              ./startup/startup_mkl43z4.o
LCD_IRQHandler                                    ./startup/startup_mkl43z4.o
LIST_AddHead                                      ./component/lists/generic_list.o
LIST_AddPrevElement                               ./component/lists/generic_list.o
LIST_AddTail                                      ./component/lists/generic_list.o
LIST_GetAvailableSize                             ./component/lists/generic_list.o
LIST_GetHead                                      ./component/lists/generic_list.o
LIST_GetList                                      ./component/lists/generic_list.o
LIST_GetNext                                      ./component/lists/generic_list.o
LIST_GetPrev                                      ./component/lists/generic_list.o
LIST_GetSize                                      ./component/lists/generic_list.o
LIST_Init                                         ./component/lists/generic_list.o
LIST_RemoveElement                                ./component/lists/generic_list.o
LIST_RemoveHead                                   ./component/lists/generic_list.o
LLWU_DriverIRQHandler                             ./startup/startup_mkl43z4.o
LLWU_IRQHandler                                   ./startup/startup_mkl43z4.o
LPTMR0_DriverIRQHandler                           ./startup/startup_mkl43z4.o
LPTMR0_IRQHandler                                 ./startup/startup_mkl43z4.o
LPUART0_DriverIRQHandler                          ./drivers/fsl_lpuart.o
                                                  ./startup/startup_mkl43z4.o
LPUART0_IRQHandler                                ./startup/startup_mkl43z4.o
LPUART1_DriverIRQHandler                          ./drivers/fsl_lpuart.o
                                                  ./startup/startup_mkl43z4.o
LPUART1_IRQHandler                                ./startup/startup_mkl43z4.o
LPUART_ClearStatusFlags                           ./drivers/fsl_lpuart.o
LPUART_Deinit                                     ./drivers/fsl_lpuart.o
                                                  ./component/uart/lpuart_adapter.o
LPUART_DisableInterrupts                          ./drivers/fsl_lpuart.o
LPUART_EnableInterrupts                           ./drivers/fsl_lpuart.o
LPUART_GetDefaultConfig                           ./drivers/fsl_lpuart.o
                                                  ./component/uart/lpuart_adapter.o
LPUART_GetEnabledInterrupts                       ./drivers/fsl_lpuart.o
LPUART_GetInstance                                ./drivers/fsl_lpuart.o
LPUART_GetStatusFlags                             ./drivers/fsl_lpuart.o
LPUART_Init                                       ./drivers/fsl_lpuart.o
                                                  ./component/uart/lpuart_adapter.o
LPUART_ReadBlocking                               ./drivers/fsl_lpuart.o
                                                  ./component/uart/lpuart_adapter.o
LPUART_SetBaudRate                                ./drivers/fsl_lpuart.o
LPUART_TransferAbortReceive                       ./drivers/fsl_lpuart.o
LPUART_TransferAbortSend                          ./drivers/fsl_lpuart.o
LPUART_TransferCreateHandle                       ./drivers/fsl_lpuart.o
LPUART_TransferGetReceiveCount                    ./drivers/fsl_lpuart.o
LPUART_TransferGetRxRingBufferLength              ./drivers/fsl_lpuart.o
LPUART_TransferGetSendCount                       ./drivers/fsl_lpuart.o
LPUART_TransferHandleErrorIRQ                     ./drivers/fsl_lpuart.o
LPUART_TransferHandleIRQ                          ./drivers/fsl_lpuart.o
LPUART_TransferReceiveNonBlocking                 ./drivers/fsl_lpuart.o
LPUART_TransferSendNonBlocking                    ./drivers/fsl_lpuart.o
LPUART_TransferStartRingBuffer                    ./drivers/fsl_lpuart.o
LPUART_TransferStopRingBuffer                     ./drivers/fsl_lpuart.o
LPUART_WriteBlocking                              ./drivers/fsl_lpuart.o
                                                  ./component/uart/lpuart_adapter.o
NMI_Handler                                       ./startup/startup_mkl43z4.o
PIT_DriverIRQHandler                              ./startup/startup_mkl43z4.o
PIT_IRQHandler                                    ./startup/startup_mkl43z4.o
PMC_DriverIRQHandler                              ./startup/startup_mkl43z4.o
PMC_IRQHandler                                    ./startup/startup_mkl43z4.o
PORTA_DriverIRQHandler                            ./startup/startup_mkl43z4.o
PORTA_IRQHandler                                  ./startup/startup_mkl43z4.o
PORTC_PORTD_DriverIRQHandler                      ./startup/startup_mkl43z4.o
PORTC_PORTD_IRQHandler                            ./startup/startup_mkl43z4.o
PendSV_Handler                                    ./startup/startup_mkl43z4.o
RTC_DriverIRQHandler                              ./startup/startup_mkl43z4.o
RTC_IRQHandler                                    ./startup/startup_mkl43z4.o
RTC_Seconds_DriverIRQHandler                      ./startup/startup_mkl43z4.o
RTC_Seconds_IRQHandler                            ./startup/startup_mkl43z4.o
Reserved20_DriverIRQHandler                       ./startup/startup_mkl43z4.o
Reserved20_IRQHandler                             ./startup/startup_mkl43z4.o
Reserved42_DriverIRQHandler                       ./startup/startup_mkl43z4.o
Reserved42_IRQHandler                             ./startup/startup_mkl43z4.o
Reserved43_DriverIRQHandler                       ./startup/startup_mkl43z4.o
Reserved43_IRQHandler                             ./startup/startup_mkl43z4.o
ResetISR                                          ./startup/startup_mkl43z4.o
SDK_DelayAtLeastUs                                ./drivers/fsl_common.o
SDK_Free                                          ./drivers/fsl_common.o
SDK_Malloc                                        ./drivers/fsl_common.o
SMC_PostExitStopModes                             ./drivers/fsl_smc.o
SMC_PostExitWaitModes                             ./drivers/fsl_smc.o
SMC_PreEnterStopModes                             ./drivers/fsl_smc.o
SMC_PreEnterWaitModes                             ./drivers/fsl_smc.o
SMC_SetPowerModeLls                               ./drivers/fsl_smc.o
SMC_SetPowerModeRun                               ./drivers/fsl_smc.o
SMC_SetPowerModeStop                              ./drivers/fsl_smc.o
SMC_SetPowerModeVlls                              ./drivers/fsl_smc.o
SMC_SetPowerModeVlpr                              ./drivers/fsl_smc.o
                                                  ./board/clock_config.o
SMC_SetPowerModeVlps                              ./drivers/fsl_smc.o
SMC_SetPowerModeVlpw                              ./drivers/fsl_smc.o
SMC_SetPowerModeWait                              ./drivers/fsl_smc.o
SPI0_DriverIRQHandler                             ./startup/startup_mkl43z4.o
SPI0_IRQHandler                                   ./startup/startup_mkl43z4.o
SPI1_DriverIRQHandler                             ./startup/startup_mkl43z4.o
SPI1_IRQHandler                                   ./startup/startup_mkl43z4.o
SVC_Handler                                       ./startup/startup_mkl43z4.o
SerialManager_CloseReadHandle                     ./component/serial_manager/serial_manager.o
SerialManager_CloseWriteHandle                    ./component/serial_manager/serial_manager.o
SerialManager_Deinit                              ./component/serial_manager/serial_manager.o
SerialManager_EnterLowpower                       ./component/serial_manager/serial_manager.o
SerialManager_ExitLowpower                        ./component/serial_manager/serial_manager.o
SerialManager_Init                                ./component/serial_manager/serial_manager.o
SerialManager_OpenReadHandle                      ./component/serial_manager/serial_manager.o
SerialManager_OpenWriteHandle                     ./component/serial_manager/serial_manager.o
SerialManager_ReadBlocking                        ./component/serial_manager/serial_manager.o
                                                  ./utilities/fsl_debug_console.o
SerialManager_WriteBlocking                       ./component/serial_manager/serial_manager.o
                                                  ./utilities/fsl_debug_console.o
Serial_UartDeinit                                 ./component/serial_manager/serial_port_uart.o
                                                  ./component/serial_manager/serial_manager.o
Serial_UartEnterLowpower                          ./component/serial_manager/serial_port_uart.o
                                                  ./component/serial_manager/serial_manager.o
Serial_UartExitLowpower                           ./component/serial_manager/serial_port_uart.o
                                                  ./component/serial_manager/serial_manager.o
Serial_UartInit                                   ./component/serial_manager/serial_port_uart.o
                                                  ./component/serial_manager/serial_manager.o
Serial_UartRead                                   ./component/serial_manager/serial_port_uart.o
                                                  ./component/serial_manager/serial_manager.o
Serial_UartWrite                                  ./component/serial_manager/serial_port_uart.o
                                                  ./component/serial_manager/serial_manager.o
StrFormatPrintf                                   ./utilities/fsl_str.o
StrFormatScanf                                    ./utilities/fsl_str.o
SysTick_Handler                                   ./startup/startup_mkl43z4.o
SystemCoreClock                                   ./device/system_MKL43Z4.o
                                                  ./board/clock_config.o
SystemCoreClockUpdate                             ./device/system_MKL43Z4.o
SystemInit                                        ./device/system_MKL43Z4.o
                                                  ./startup/startup_mkl43z4.o
SystemInitHook                                    ./device/system_MKL43Z4.o
TPM0_DriverIRQHandler                             ./startup/startup_mkl43z4.o
TPM0_IRQHandler                                   ./startup/startup_mkl43z4.o
TPM1_DriverIRQHandler                             ./startup/startup_mkl43z4.o
TPM1_IRQHandler                                   ./startup/startup_mkl43z4.o
TPM2_DriverIRQHandler                             ./startup/startup_mkl43z4.o
TPM2_IRQHandler                                   ./startup/startup_mkl43z4.o
UART2_FLEXIO_DriverIRQHandler                     ./startup/startup_mkl43z4.o
UART2_FLEXIO_IRQHandler                           ./startup/startup_mkl43z4.o
USB0_DriverIRQHandler                             ./startup/startup_mkl43z4.o
USB0_IRQHandler                                   ./startup/startup_mkl43z4.o
_Csys_alloc                                       /Applications/MCUXpressoIDE_11.3.0_5222/ide/plugins/com.nxp.mcuxpresso.tools.macosx_11.3.0.202011031536/tools/bin/../lib/gcc/arm-none-eabi/9.3.1/../../../../arm-none-eabi/lib/thumb/v6-m/nofp/libcr_c.a(alloc.o)
                                                  /Applications/MCUXpressoIDE_11.3.0_5222/ide/plugins/com.nxp.mcuxpresso.tools.macosx_11.3.0.202011031536/tools/bin/../lib/gcc/arm-none-eabi/9.3.1/../../../../arm-none-eabi/lib/thumb/v6-m/nofp/libcr_c.a(__fillbuf.o)
                                                  /Applications/MCUXpressoIDE_11.3.0_5222/ide/plugins/com.nxp.mcuxpresso.tools.macosx_11.3.0.202011031536/tools/bin/../lib/gcc/arm-none-eabi/9.3.1/../../../../arm-none-eabi/lib/thumb/v6-m/nofp/libcr_c.a(_deferredlazyseek.o)
_Csys_read_                                       /Applications/MCUXpressoIDE_11.3.0_5222/ide/plugins/com.nxp.mcuxpresso.tools.macosx_11.3.0.202011031536/tools/bin/../lib/gcc/arm-none-eabi/9.3.1/../../../../arm-none-eabi/lib/thumb/v6-m/nofp/libcr_c.a(__fillbuf.o)
_Cwritebuf                                        /Applications/MCUXpressoIDE_11.3.0_5222/ide/plugins/com.nxp.mcuxpresso.tools.macosx_11.3.0.202011031536/tools/bin/../lib/gcc/arm-none-eabi/9.3.1/../../../../arm-none-eabi/lib/thumb/v6-m/nofp/libcr_c.a(_writebuf.o)
                                                  /Applications/MCUXpressoIDE_11.3.0_5222/ide/plugins/com.nxp.mcuxpresso.tools.macosx_11.3.0.202011031536/tools/bin/../lib/gcc/arm-none-eabi/9.3.1/../../../../arm-none-eabi/lib/thumb/v6-m/nofp/libcr_c.a(_fflush.o)
                                                  /Applications/MCUXpressoIDE_11.3.0_5222/ide/plugins/com.nxp.mcuxpresso.tools.macosx_11.3.0.202011031536/tools/bin/../lib/gcc/arm-none-eabi/9.3.1/../../../../arm-none-eabi/lib/thumb/v6-m/nofp/libcr_c.a(_deferredlazyseek.o)
__CR_SEMIHOST                                     /Applications/MCUXpressoIDE_11.3.0_5222/ide/plugins/com.nxp.mcuxpresso.tools.macosx_11.3.0.202011031536/tools/bin/../lib/gcc/arm-none-eabi/9.3.1/../../../../arm-none-eabi/lib/thumb/v6-m/nofp/libcr_semihost_nf.a(_cr__main.o)
__Ciob                                            /Applications/MCUXpressoIDE_11.3.0_5222/ide/plugins/com.nxp.mcuxpresso.tools.macosx_11.3.0.202011031536/tools/bin/../lib/gcc/arm-none-eabi/9.3.1/../../../../arm-none-eabi/lib/thumb/v6-m/nofp/libcr_semihost_nf.a(__ciob.o)
                                                  /Applications/MCUXpressoIDE_11.3.0_5222/ide/plugins/com.nxp.mcuxpresso.tools.macosx_11.3.0.202011031536/tools/bin/../lib/gcc/arm-none-eabi/9.3.1/../../../../arm-none-eabi/lib/thumb/v6-m/nofp/libcr_c.a(fflush.o)
                                                  /Applications/MCUXpressoIDE_11.3.0_5222/ide/plugins/com.nxp.mcuxpresso.tools.macosx_11.3.0.202011031536/tools/bin/../lib/gcc/arm-none-eabi/9.3.1/../../../../arm-none-eabi/lib/thumb/v6-m/nofp/libcr_c.a(scanf.o)
                                                  /Applications/MCUXpressoIDE_11.3.0_5222/ide/plugins/com.nxp.mcuxpresso.tools.macosx_11.3.0.202011031536/tools/bin/../lib/gcc/arm-none-eabi/9.3.1/../../../../arm-none-eabi/lib/thumb/v6-m/nofp/libcr_c.a(initio.o)
                                                  /Applications/MCUXpressoIDE_11.3.0_5222/ide/plugins/com.nxp.mcuxpresso.tools.macosx_11.3.0.202011031536/tools/bin/../lib/gcc/arm-none-eabi/9.3.1/../../../../arm-none-eabi/lib/thumb/v6-m/nofp/libcr_semihost_nf.a(_cr_assert.o)
__Vectors                                         ./startup/startup_mkl43z4.o
__aeabi_cdcmpeq                                   /Applications/MCUXpressoIDE_11.3.0_5222/ide/plugins/com.nxp.mcuxpresso.tools.macosx_11.3.0.202011031536/tools/bin/../lib/gcc/arm-none-eabi/9.3.1/thumb/v6-m/nofp/libcr_eabihelpers.a(double.o)
__aeabi_cdcmple                                   /Applications/MCUXpressoIDE_11.3.0_5222/ide/plugins/com.nxp.mcuxpresso.tools.macosx_11.3.0.202011031536/tools/bin/../lib/gcc/arm-none-eabi/9.3.1/thumb/v6-m/nofp/libcr_eabihelpers.a(double.o)
__aeabi_cdrcmple                                  /Applications/MCUXpressoIDE_11.3.0_5222/ide/plugins/com.nxp.mcuxpresso.tools.macosx_11.3.0.202011031536/tools/bin/../lib/gcc/arm-none-eabi/9.3.1/thumb/v6-m/nofp/libcr_eabihelpers.a(double.o)
__aeabi_d2f                                       /Applications/MCUXpressoIDE_11.3.0_5222/ide/plugins/com.nxp.mcuxpresso.tools.macosx_11.3.0.202011031536/tools/bin/../lib/gcc/arm-none-eabi/9.3.1/thumb/v6-m/nofp/libcr_eabihelpers.a(double.o)
                                                  /Applications/MCUXpressoIDE_11.3.0_5222/ide/plugins/com.nxp.mcuxpresso.tools.macosx_11.3.0.202011031536/tools/bin/../lib/gcc/arm-none-eabi/9.3.1/../../../../arm-none-eabi/lib/thumb/v6-m/nofp/libcr_c.a(scanf.o)
__aeabi_d2iz                                      /Applications/MCUXpressoIDE_11.3.0_5222/ide/plugins/com.nxp.mcuxpresso.tools.macosx_11.3.0.202011031536/tools/bin/../lib/gcc/arm-none-eabi/9.3.1/thumb/v6-m/nofp/libcr_eabihelpers.a(double.o)
__aeabi_d2lz                                      /Applications/MCUXpressoIDE_11.3.0_5222/ide/plugins/com.nxp.mcuxpresso.tools.macosx_11.3.0.202011031536/tools/bin/../lib/gcc/arm-none-eabi/9.3.1/thumb/v6-m/nofp/libcr_eabihelpers.a(double.o)
__aeabi_d2uiz                                     /Applications/MCUXpressoIDE_11.3.0_5222/ide/plugins/com.nxp.mcuxpresso.tools.macosx_11.3.0.202011031536/tools/bin/../lib/gcc/arm-none-eabi/9.3.1/thumb/v6-m/nofp/libcr_eabihelpers.a(double.o)
__aeabi_d2ulz                                     /Applications/MCUXpressoIDE_11.3.0_5222/ide/plugins/com.nxp.mcuxpresso.tools.macosx_11.3.0.202011031536/tools/bin/../lib/gcc/arm-none-eabi/9.3.1/thumb/v6-m/nofp/libcr_eabihelpers.a(double.o)
__aeabi_dadd                                      /Applications/MCUXpressoIDE_11.3.0_5222/ide/plugins/com.nxp.mcuxpresso.tools.macosx_11.3.0.202011031536/tools/bin/../lib/gcc/arm-none-eabi/9.3.1/thumb/v6-m/nofp/libcr_eabihelpers.a(double.o)
                                                  /Applications/MCUXpressoIDE_11.3.0_5222/ide/plugins/com.nxp.mcuxpresso.tools.macosx_11.3.0.202011031536/tools/bin/../lib/gcc/arm-none-eabi/9.3.1/../../../../arm-none-eabi/lib/thumb/v6-m/nofp/libcr_c.a(scanf.o)
__aeabi_dcmpeq                                    /Applications/MCUXpressoIDE_11.3.0_5222/ide/plugins/com.nxp.mcuxpresso.tools.macosx_11.3.0.202011031536/tools/bin/../lib/gcc/arm-none-eabi/9.3.1/thumb/v6-m/nofp/libcr_eabihelpers.a(double.o)
                                                  /Applications/MCUXpressoIDE_11.3.0_5222/ide/plugins/com.nxp.mcuxpresso.tools.macosx_11.3.0.202011031536/tools/bin/../lib/gcc/arm-none-eabi/9.3.1/../../../../arm-none-eabi/lib/thumb/v6-m/nofp/libcr_c.a(_ldexpl.o)
                                                  /Applications/MCUXpressoIDE_11.3.0_5222/ide/plugins/com.nxp.mcuxpresso.tools.macosx_11.3.0.202011031536/tools/bin/../lib/gcc/arm-none-eabi/9.3.1/../../../../arm-none-eabi/lib/thumb/v6-m/nofp/libcr_c.a(_frexpl.o)
                                                  /Applications/MCUXpressoIDE_11.3.0_5222/ide/plugins/com.nxp.mcuxpresso.tools.macosx_11.3.0.202011031536/tools/bin/../lib/gcc/arm-none-eabi/9.3.1/../../../../arm-none-eabi/lib/thumb/v6-m/nofp/libcr_c.a(scanf.o)
__aeabi_dcmpge                                    /Applications/MCUXpressoIDE_11.3.0_5222/ide/plugins/com.nxp.mcuxpresso.tools.macosx_11.3.0.202011031536/tools/bin/../lib/gcc/arm-none-eabi/9.3.1/thumb/v6-m/nofp/libcr_eabihelpers.a(double.o)
                                                  /Applications/MCUXpressoIDE_11.3.0_5222/ide/plugins/com.nxp.mcuxpresso.tools.macosx_11.3.0.202011031536/tools/bin/../lib/gcc/arm-none-eabi/9.3.1/../../../../arm-none-eabi/lib/thumb/v6-m/nofp/libcr_c.a(scanf.o)
__aeabi_dcmpgt                                    /Applications/MCUXpressoIDE_11.3.0_5222/ide/plugins/com.nxp.mcuxpresso.tools.macosx_11.3.0.202011031536/tools/bin/../lib/gcc/arm-none-eabi/9.3.1/thumb/v6-m/nofp/libcr_eabihelpers.a(double.o)
__aeabi_dcmple                                    /Applications/MCUXpressoIDE_11.3.0_5222/ide/plugins/com.nxp.mcuxpresso.tools.macosx_11.3.0.202011031536/tools/bin/../lib/gcc/arm-none-eabi/9.3.1/thumb/v6-m/nofp/libcr_eabihelpers.a(double.o)
__aeabi_dcmplt                                    /Applications/MCUXpressoIDE_11.3.0_5222/ide/plugins/com.nxp.mcuxpresso.tools.macosx_11.3.0.202011031536/tools/bin/../lib/gcc/arm-none-eabi/9.3.1/thumb/v6-m/nofp/libcr_eabihelpers.a(double.o)
__aeabi_dcmpun                                    /Applications/MCUXpressoIDE_11.3.0_5222/ide/plugins/com.nxp.mcuxpresso.tools.macosx_11.3.0.202011031536/tools/bin/../lib/gcc/arm-none-eabi/9.3.1/thumb/v6-m/nofp/libcr_eabihelpers.a(double.o)
__aeabi_ddiv                                      /Applications/MCUXpressoIDE_11.3.0_5222/ide/plugins/com.nxp.mcuxpresso.tools.macosx_11.3.0.202011031536/tools/bin/../lib/gcc/arm-none-eabi/9.3.1/thumb/v6-m/nofp/libcr_eabihelpers.a(double.o)
                                                  /Applications/MCUXpressoIDE_11.3.0_5222/ide/plugins/com.nxp.mcuxpresso.tools.macosx_11.3.0.202011031536/tools/bin/../lib/gcc/arm-none-eabi/9.3.1/../../../../arm-none-eabi/lib/thumb/v6-m/nofp/libcr_c.a(scanf.o)
__aeabi_dmul                                      /Applications/MCUXpressoIDE_11.3.0_5222/ide/plugins/com.nxp.mcuxpresso.tools.macosx_11.3.0.202011031536/tools/bin/../lib/gcc/arm-none-eabi/9.3.1/thumb/v6-m/nofp/libcr_eabihelpers.a(double.o)
                                                  /Applications/MCUXpressoIDE_11.3.0_5222/ide/plugins/com.nxp.mcuxpresso.tools.macosx_11.3.0.202011031536/tools/bin/../lib/gcc/arm-none-eabi/9.3.1/../../../../arm-none-eabi/lib/thumb/v6-m/nofp/libcr_c.a(scanf.o)